Archive member included to satisfy reference by file (symbol)

C:\Users\user\STM32Cube\Repository\STM32Cube_FW_H7_V1.12.0\Drivers\CMSIS\DSP\Lib\GCC\libarm_cortexM7lfsp_math.a(arm_const_structs.o)
                              ./Core/Src/main.o (arm_cfft_sR_f32_len1024)
C:\Users\user\STM32Cube\Repository\STM32Cube_FW_H7_V1.12.0\Drivers\CMSIS\DSP\Lib\GCC\libarm_cortexM7lfsp_math.a(arm_common_tables.o)
                              C:\Users\user\STM32Cube\Repository\STM32Cube_FW_H7_V1.12.0\Drivers\CMSIS\DSP\Lib\GCC\libarm_cortexM7lfsp_math.a(arm_const_structs.o) (realCoefBQ15)
C:\Users\user\STM32Cube\Repository\STM32Cube_FW_H7_V1.12.0\Drivers\CMSIS\DSP\Lib\GCC\libarm_cortexM7lfsp_math.a(arm_max_f32.o)
                              ./Core/Src/main.o (arm_max_f32)
C:\Users\user\STM32Cube\Repository\STM32Cube_FW_H7_V1.12.0\Drivers\CMSIS\DSP\Lib\GCC\libarm_cortexM7lfsp_math.a(arm_bitreversal2.o)
                              ./Core/Src/arm_cfft_f32.o (arm_bitreversal_32)
C:\Users\user\STM32Cube\Repository\STM32Cube_FW_H7_V1.12.0\Drivers\CMSIS\DSP\Lib\GCC\libarm_cortexM7lfsp_math.a(arm_cmplx_mag_f32.o)
                              ./Core/Src/main.o (arm_cmplx_mag_f32)
C:/ST/STM32CubeIDE_1.19.0/STM32CubeIDE/plugins/com.st.stm32cube.ide.mcu.externaltools.gnu-tools-for-stm32.13.3.rel1.win32_1.0.0.202411081344/tools/bin/../lib/gcc/arm-none-eabi/13.3.1/../../../../arm-none-eabi/lib/thumb/v7e-m+dp/hard\libc_nano.a(libc_a-exit.o)
                              C:/ST/STM32CubeIDE_1.19.0/STM32CubeIDE/plugins/com.st.stm32cube.ide.mcu.externaltools.gnu-tools-for-stm32.13.3.rel1.win32_1.0.0.202411081344/tools/bin/../lib/gcc/arm-none-eabi/13.3.1/../../../../arm-none-eabi/lib/thumb/v7e-m+dp/hard/crt0.o (exit)
C:/ST/STM32CubeIDE_1.19.0/STM32CubeIDE/plugins/com.st.stm32cube.ide.mcu.externaltools.gnu-tools-for-stm32.13.3.rel1.win32_1.0.0.202411081344/tools/bin/../lib/gcc/arm-none-eabi/13.3.1/../../../../arm-none-eabi/lib/thumb/v7e-m+dp/hard\libc_nano.a(libc_a-findfp.o)
                              C:/ST/STM32CubeIDE_1.19.0/STM32CubeIDE/plugins/com.st.stm32cube.ide.mcu.externaltools.gnu-tools-for-stm32.13.3.rel1.win32_1.0.0.202411081344/tools/bin/../lib/gcc/arm-none-eabi/13.3.1/../../../../arm-none-eabi/lib/thumb/v7e-m+dp/hard\libc_nano.a(libc_a-exit.o) (__stdio_exit_handler)
C:/ST/STM32CubeIDE_1.19.0/STM32CubeIDE/plugins/com.st.stm32cube.ide.mcu.externaltools.gnu-tools-for-stm32.13.3.rel1.win32_1.0.0.202411081344/tools/bin/../lib/gcc/arm-none-eabi/13.3.1/../../../../arm-none-eabi/lib/thumb/v7e-m+dp/hard\libc_nano.a(libc_a-fwalk.o)
                              C:/ST/STM32CubeIDE_1.19.0/STM32CubeIDE/plugins/com.st.stm32cube.ide.mcu.externaltools.gnu-tools-for-stm32.13.3.rel1.win32_1.0.0.202411081344/tools/bin/../lib/gcc/arm-none-eabi/13.3.1/../../../../arm-none-eabi/lib/thumb/v7e-m+dp/hard\libc_nano.a(libc_a-findfp.o) (_fwalk_sglue)
C:/ST/STM32CubeIDE_1.19.0/STM32CubeIDE/plugins/com.st.stm32cube.ide.mcu.externaltools.gnu-tools-for-stm32.13.3.rel1.win32_1.0.0.202411081344/tools/bin/../lib/gcc/arm-none-eabi/13.3.1/../../../../arm-none-eabi/lib/thumb/v7e-m+dp/hard\libc_nano.a(libc_a-stdio.o)
                              C:/ST/STM32CubeIDE_1.19.0/STM32CubeIDE/plugins/com.st.stm32cube.ide.mcu.externaltools.gnu-tools-for-stm32.13.3.rel1.win32_1.0.0.202411081344/tools/bin/../lib/gcc/arm-none-eabi/13.3.1/../../../../arm-none-eabi/lib/thumb/v7e-m+dp/hard\libc_nano.a(libc_a-findfp.o) (__sread)
C:/ST/STM32CubeIDE_1.19.0/STM32CubeIDE/plugins/com.st.stm32cube.ide.mcu.externaltools.gnu-tools-for-stm32.13.3.rel1.win32_1.0.0.202411081344/tools/bin/../lib/gcc/arm-none-eabi/13.3.1/../../../../arm-none-eabi/lib/thumb/v7e-m+dp/hard\libc_nano.a(libc_a-memset.o)
                              C:/ST/STM32CubeIDE_1.19.0/STM32CubeIDE/plugins/com.st.stm32cube.ide.mcu.externaltools.gnu-tools-for-stm32.13.3.rel1.win32_1.0.0.202411081344/tools/bin/../lib/gcc/arm-none-eabi/13.3.1/../../../../arm-none-eabi/lib/thumb/v7e-m+dp/hard/crt0.o (memset)
C:/ST/STM32CubeIDE_1.19.0/STM32CubeIDE/plugins/com.st.stm32cube.ide.mcu.externaltools.gnu-tools-for-stm32.13.3.rel1.win32_1.0.0.202411081344/tools/bin/../lib/gcc/arm-none-eabi/13.3.1/../../../../arm-none-eabi/lib/thumb/v7e-m+dp/hard\libc_nano.a(libc_a-closer.o)
                              C:/ST/STM32CubeIDE_1.19.0/STM32CubeIDE/plugins/com.st.stm32cube.ide.mcu.externaltools.gnu-tools-for-stm32.13.3.rel1.win32_1.0.0.202411081344/tools/bin/../lib/gcc/arm-none-eabi/13.3.1/../../../../arm-none-eabi/lib/thumb/v7e-m+dp/hard\libc_nano.a(libc_a-stdio.o) (_close_r)
C:/ST/STM32CubeIDE_1.19.0/STM32CubeIDE/plugins/com.st.stm32cube.ide.mcu.externaltools.gnu-tools-for-stm32.13.3.rel1.win32_1.0.0.202411081344/tools/bin/../lib/gcc/arm-none-eabi/13.3.1/../../../../arm-none-eabi/lib/thumb/v7e-m+dp/hard\libc_nano.a(libc_a-reent.o)
[...]
Memory Configuration

Name             Origin             Length             Attributes
RAM_D1           0x24000000         0x00080000         xrw
FLASH            0x08000000         0x00100000         xr
DTCMRAM          0x20000000         0x00020000         xrw
RAM_D2           0x30000000         0x00048000         xrw
RAM_D3           0x38000000         0x00010000         xrw
ITCMRAM          0x00000000         0x00010000         xrw
*default*        0x00000000         0xffffffff

Linker script and memory map

LOAD C:/ST/STM32CubeIDE_1.19.0/STM32CubeIDE/plugins/com.st.stm32cube.ide.mcu.externaltools.gnu-tools-for-stm32.13.3.rel1.win32_1.0.0.202411081344/tools/bin/../lib/gcc/arm-none-eabi/13.3.1/thumb/v7e-m+dp/hard/crti.o
LOAD C:/ST/STM32CubeIDE_1.19.0/STM32CubeIDE/plugins/com.st.stm32cube.ide.mcu.externaltools.gnu-tools-for-stm32.13.3.rel1.win32_1.0.0.202411081344/tools/bin/../lib/gcc/arm-none-eabi/13.3.1/thumb/v7e-m+dp/hard/crtbegin.o
LOAD C:/ST/STM32CubeIDE_1.19.0/STM32CubeIDE/plugins/com.st.stm32cube.ide.mcu.externaltools.gnu-tools-for-stm32.13.3.rel1.win32_1.0.0.202411081344/tools/bin/../lib/gcc/arm-none-eabi/13.3.1/../../../../arm-none-eabi/lib/thumb/v7e-m+dp/hard/crt0.o
LOAD ./Common/Src/system_stm32h7xx_dualcore_boot_cm4_cm7.o
LOAD ./Core/Src/arm_cfft_f32.o
LOAD ./Core/Src/arm_cfft_radix8_f32.o
LOAD ./Core/Src/arm_fft_bin_data.o
LOAD ./Core/Src/main.o
LOAD ./Core/Src/stm32h7xx_hal_msp.o
LOAD ./Core/Src/stm32h7xx_it.o
LOAD ./Core/Src/syscalls.o
LOAD ./Core/Src/sysmem.o
LOAD ./Core/Startup/startup_stm32h757xihx.o
LOAD ./Drivers/STM32H7xx_HAL_Driver/stm32h7xx_hal.o
LOAD ./Drivers/STM32H7xx_HAL_Driver/stm32h7xx_hal_cortex.o
LOAD ./Drivers/STM32H7xx_HAL_Driver/stm32h7xx_hal_dfsdm.o
LOAD ./Drivers/STM32H7xx_HAL_Driver/stm32h7xx_hal_dma.o
LOAD ./Drivers/STM32H7xx_HAL_Driver/stm32h7xx_hal_dma_ex.o
LOAD ./Drivers/STM32H7xx_HAL_Driver/stm32h7xx_hal_dsi.o
LOAD ./Drivers/STM32H7xx_HAL_Driver/stm32h7xx_hal_exti.o
LOAD ./Drivers/STM32H7xx_HAL_Driver/stm32h7xx_hal_flash.o
LOAD ./Drivers/STM32H7xx_HAL_Driver/stm32h7xx_hal_flash_ex.o
LOAD ./Drivers/STM32H7xx_HAL_Driver/stm32h7xx_hal_gpio.o
LOAD ./Drivers/STM32H7xx_HAL_Driver/stm32h7xx_hal_hsem.o
LOAD ./Drivers/STM32H7xx_HAL_Driver/stm32h7xx_hal_i2c.o
LOAD ./Drivers/STM32H7xx_HAL_Driver/stm32h7xx_hal_i2c_ex.o
LOAD ./Drivers/STM32H7xx_HAL_Driver/stm32h7xx_hal_ltdc.o
LOAD ./Drivers/STM32H7xx_HAL_Driver/stm32h7xx_hal_ltdc_ex.o
LOAD ./Drivers/STM32H7xx_HAL_Driver/stm32h7xx_hal_mdma.o
LOAD ./Drivers/STM32H7xx_HAL_Driver/stm32h7xx_hal_pcd.o
LOAD ./Drivers/STM32H7xx_HAL_Driver/stm32h7xx_hal_pcd_ex.o
LOAD ./Drivers/STM32H7xx_HAL_Driver/stm32h7xx_hal_pwr.o
LOAD ./Drivers/STM32H7xx_HAL_Driver/stm32h7xx_hal_pwr_ex.o
LOAD ./Drivers/STM32H7xx_HAL_Driver/stm32h7xx_hal_rcc.o
LOAD ./Drivers/STM32H7xx_HAL_Driver/stm32h7xx_hal_rcc_ex.o
LOAD ./Drivers/STM32H7xx_HAL_Driver/stm32h7xx_hal_sai.o
LOAD ./Drivers/STM32H7xx_HAL_Driver/stm32h7xx_hal_sai_ex.o
LOAD ./Drivers/STM32H7xx_HAL_Driver/stm32h7xx_hal_tim.o
LOAD ./Drivers/STM32H7xx_HAL_Driver/stm32h7xx_hal_tim_ex.o
LOAD ./Drivers/STM32H7xx_HAL_Driver/stm32h7xx_ll_usb.o
LOAD ./Middlewares/ST/STM32_USB_Device_Library/usbd_cdc.o
LOAD ./Middlewares/ST/STM32_USB_Device_Library/usbd_core.o
LOAD ./Middlewares/ST/STM32_USB_Device_Library/usbd_ctlreq.o
LOAD ./Middlewares/ST/STM32_USB_Device_Library/usbd_ioreq.o
LOAD ./USB_DEVICE/App/usb_device.o
LOAD ./USB_DEVICE/App/usbd_cdc_if.o
LOAD ./USB_DEVICE/App/usbd_desc.o
LOAD ./USB_DEVICE/Target/usbd_conf.o
LOAD C:\Users\user\STM32Cube\Repository\STM32Cube_FW_H7_V1.12.0\Drivers\CMSIS\DSP\Lib\GCC\libarm_cortexM7lfsp_math.a
START GROUP
LOAD C:/ST/STM32CubeIDE_1.19.0/STM32CubeIDE/plugins/com.st.stm32cube.ide.mcu.externaltools.gnu-tools-for-stm32.13.3.rel1.win32_1.0.0.202411081344/tools/bin/../lib/gcc/arm-none-eabi/13.3.1/../../../../arm-none-eabi/lib/thumb/v7e-m+dp/hard\libc_nano.a
LOAD C:/ST/STM32CubeIDE_1.19.0/STM32CubeIDE/plugins/com.st.stm32cube.ide.mcu.externaltools.gnu-tools-for-stm32.13.3.rel1.win32_1.0.0.202411081344/tools/bin/../lib/gcc/arm-none-eabi/13.3.1/../../../../arm-none-eabi/lib/thumb/v7e-m+dp/hard\libm.a
END GROUP
START GROUP
LOAD C:/ST/STM32CubeIDE_1.19.0/STM32CubeIDE/plugins/com.st.stm32cube.ide.mcu.externaltools.gnu-tools-for-stm32.13.3.rel1.win32_1.0.0.202411081344/tools/bin/../lib/gcc/arm-none-eabi/13.3.1/thumb/v7e-m+dp/hard\libgcc.a
LOAD C:/ST/STM32CubeIDE_1.19.0/STM32CubeIDE/plugins/com.st.stm32cube.ide.mcu.externaltools.gnu-tools-for-stm32.13.3.rel1.win32_1.0.0.202411081344/tools/bin/../lib/gcc/arm-none-eabi/13.3.1/../../../../arm-none-eabi/lib/thumb/v7e-m+dp/hard\libc_nano.a
END GROUP
START GROUP
LOAD C:/ST/STM32CubeIDE_1.19.0/STM32CubeIDE/plugins/com.st.stm32cube.ide.mcu.externaltools.gnu-tools-for-stm32.13.3.rel1.win32_1.0.0.202411081344/tools/bin/../lib/gcc/arm-none-eabi/13.3.1/thumb/v7e-m+dp/hard\libgcc.a
LOAD C:/ST/STM32CubeIDE_1.19.0/STM32CubeIDE/plugins/com.st.stm32cube.ide.mcu.externaltools.gnu-tools-for-stm32.13.3.rel1.win32_1.0.0.202411081344/tools/bin/../lib/gcc/arm-none-eabi/13.3.1/../../../../arm-none-eabi/lib/thumb/v7e-m+dp/hard\libc_nano.a
LOAD C:/ST/STM32CubeIDE_1.19.0/STM32CubeIDE/plugins/com.st.stm32cube.ide.mcu.externaltools.gnu-tools-for-stm32.13.3.rel1.win32_1.0.0.202411081344/tools/bin/../lib/gcc/arm-none-eabi/13.3.1/../../../../arm-none-eabi/lib/thumb/v7e-m+dp/hard\libnosys.a
END GROUP
START GROUP
LOAD C:/ST/STM32CubeIDE_1.19.0/STM32CubeIDE/plugins/com.st.stm32cube.ide.mcu.externaltools.gnu-tools-for-stm32.13.3.rel1.win32_1.0.0.202411081344/tools/bin/../lib/gcc/arm-none-eabi/13.3.1/thumb/v7e-m+dp/hard\libgcc.a
LOAD C:/ST/STM32CubeIDE_1.19.0/STM32CubeIDE/plugins/com.st.stm32cube.ide.mcu.externaltools.gnu-tools-for-stm32.13.3.rel1.win32_1.0.0.202411081344/tools/bin/../lib/gcc/arm-none-eabi/13.3.1/../../../../arm-none-eabi/lib/thumb/v7e-m+dp/hard\libc_nano.a
LOAD C:/ST/STM32CubeIDE_1.19.0/STM32CubeIDE/plugins/com.st.stm32cube.ide.mcu.externaltools.gnu-tools-for-stm32.13.3.rel1.win32_1.0.0.202411081344/tools/bin/../lib/gcc/arm-none-eabi/13.3.1/../../../../arm-none-eabi/lib/thumb/v7e-m+dp/hard\libnosys.a
END GROUP
LOAD C:/ST/STM32CubeIDE_1.19.0/STM32CubeIDE/plugins/com.st.stm32cube.ide.mcu.externaltools.gnu-tools-for-stm32.13.3.rel1.win32_1.0.0.202411081344/tools/bin/../lib/gcc/arm-none-eabi/13.3.1/thumb/v7e-m+dp/hard/crtend.o
LOAD C:/ST/STM32CubeIDE_1.19.0/STM32CubeIDE/plugins/com.st.stm32cube.ide.mcu.externaltools.gnu-tools-for-stm32.13.3.rel1.win32_1.0.0.202411081344/tools/bin/../lib/gcc/arm-none-eabi/13.3.1/thumb/v7e-m+dp/hard/crtn.o
                0x24080000                        _estack = (ORIGIN (RAM_D1) + LENGTH (RAM_D1))
                0x00000200                        _Min_Heap_Size = 0x200
                0x00000400                        _Min_Stack_Size = 0x400

.isr_vector     0x08000000      0x298
                0x08000000                        . = ALIGN (0x4)
 *(.isr_vector)
 .isr_vector    0x08000000      0x298 ./Core/Startup/startup_stm32h757xihx.o
                0x08000000                g_pfnVectors
                0x08000298                        . = ALIGN (0x4)

.text           0x08000298     0xb11c
                0x08000298                        . = ALIGN (0x4)
 *(.text)
 .text          0x08000298       0x40 C:/ST/STM32CubeIDE_1.19.0/STM32CubeIDE/plugins/com.st.stm32cube.ide.mcu.externaltools.gnu-tools-for-stm32.13.3.rel1.win32_1.0.0.202411081344/tools/bin/../lib/gcc/arm-none-eabi/13.3.1/thumb/v7e-m+dp/hard/crtbegin.o
 *(.text*)
 .text.SystemInit
                0x080002d8      0x15c ./Common/Src/system_stm32h7xx_dualcore_boot_cm4_cm7.o
                0x080002d8                SystemInit
 .text.ExitRun0Mode
                0x08000434       0x30 ./Common/Src/system_stm32h7xx_dualcore_boot_cm4_cm7.o
                0x08000434                ExitRun0Mode
 .text.arm_cfft_radix8by2_f32
                0x08000464      0x3e8 ./Core/Src/arm_cfft_f32.o
                0x08000464                arm_cfft_radix8by2_f32
 .text.arm_cfft_radix8by4_f32
                0x0800084c      0xc60 ./Core/Src/arm_cfft_f32.o
                0x0800084c                arm_cfft_radix8by4_f32
 .text.arm_cfft_f32
                0x080014ac      0x174 ./Core/Src/arm_cfft_f32.o
                0x080014ac                arm_cfft_f32
 .text.arm_radix8_butterfly_f32
                0x08001620     0x100c ./Core/Src/arm_cfft_radix8_f32.o
                0x08001620                arm_radix8_butterfly_f32
 .text.main     0x0800262c      0x12c ./Core/Src/main.o
                0x0800262c                main
 .text.SystemClock_Config
                0x08002758      0x10c ./Core/Src/main.o
                0x08002758                SystemClock_Config
 .text.Error_Handler
                0x08002864       0x12 ./Core/Src/main.o
                0x08002864                Error_Handler
 *fill*         0x08002876        0x2 
 .text.HAL_MspInit
                0x08002878       0x34 ./Core/Src/stm32h7xx_hal_msp.o
                0x08002878                HAL_MspInit
 .text.NMI_Handler
                0x080028ac        0x8 ./Core/Src/stm32h7xx_it.o
                0x080028ac                NMI_Handler
 .text.HardFault_Handler
                0x080028b4        0x8 ./Core/Src/stm32h7xx_it.o
                0x080028b4                HardFault_Handler
 .text.MemManage_Handler
                0x080028bc        0x8 ./Core/Src/stm32h7xx_it.o
                0x080028bc                MemManage_Handler
 .text.BusFault_Handler
                0x080028c4        0x8 ./Core/Src/stm32h7xx_it.o
                0x080028c4                BusFault_Handler
 .text.UsageFault_Handler
                0x080028cc        0x8 ./Core/Src/stm32h7xx_it.o
                0x080028cc                UsageFault_Handler
 .text.SVC_Handler
                0x080028d4        0xe ./Core/Src/stm32h7xx_it.o
                0x080028d4                SVC_Handler
 .text.DebugMon_Handler
                0x080028e2        0xe ./Core/Src/stm32h7xx_it.o
                0x080028e2                DebugMon_Handler
 .text.PendSV_Handler
                0x080028f0        0xe ./Core/Src/stm32h7xx_it.o
                0x080028f0                PendSV_Handler
 .text.SysTick_Handler
                0x080028fe        0xc ./Core/Src/stm32h7xx_it.o
                0x080028fe                SysTick_Handler
 *fill*         0x0800290a        0x2 
 .text.OTG_FS_IRQHandler
                0x0800290c       0x14 ./Core/Src/stm32h7xx_it.o
                0x0800290c                OTG_FS_IRQHandler
 .text.Reset_Handler
                0x08002920       0x54 ./Core/Startup/startup_stm32h757xihx.o
                0x08002920                Reset_Handler
 .text.Default_Handler
                0x08002974        0x2 ./Core/Startup/startup_stm32h757xihx.o
                0x08002974                RTC_Alarm_IRQHandler
                0x08002974                HASH_RNG_IRQHandler
                0x08002974                EXTI2_IRQHandler
                0x08002974                TIM8_CC_IRQHandler
                0x08002974                HRTIM1_Master_IRQHandler
                0x08002974                UART8_IRQHandler
                0x08002974                SPI4_IRQHandler
                0x08002974                TIM1_CC_IRQHandler
                0x08002974                BDMA_Channel6_IRQHandler
                0x08002974                DMA2_Stream5_IRQHandler
                0x08002974                HRTIM1_FLT_IRQHandler
                0x08002974                JPEG_IRQHandler
                0x08002974                DMA1_Stream5_IRQHandler
                0x08002974                BDMA_Channel1_IRQHandler
                0x08002974                HRTIM1_TIMD_IRQHandler
                0x08002974                TAMP_STAMP_IRQHandler
                0x08002974                EXTI3_IRQHandler
                0x08002974                LPTIM4_IRQHandler
                0x08002974                TIM8_TRG_COM_TIM14_IRQHandler
                0x08002974                LPTIM2_IRQHandler
                0x08002974                DFSDM1_FLT1_IRQHandler
                0x08002974                DMAMUX2_OVR_IRQHandler
                0x08002974                TIM8_UP_TIM13_IRQHandler
                0x08002974                I2C3_ER_IRQHandler
                0x08002974                DFSDM1_FLT2_IRQHandler
                0x08002974                MDMA_IRQHandler
                0x08002974                LPTIM3_IRQHandler
                0x08002974                HSEM1_IRQHandler
                0x08002974                EXTI0_IRQHandler
                0x08002974                I2C2_EV_IRQHandler
                0x08002974                DMA1_Stream2_IRQHandler
                0x08002974                FPU_IRQHandler
                0x08002974                OTG_HS_WKUP_IRQHandler
                0x08002974                FDCAN1_IT1_IRQHandler
                0x08002974                LTDC_ER_IRQHandler
                0x08002974                DMA2_Stream2_IRQHandler
                0x08002974                HRTIM1_TIME_IRQHandler
                0x08002974                SPI1_IRQHandler
                0x08002974                TIM6_DAC_IRQHandler
                0x08002974                DCMI_IRQHandler
                0x08002974                HRTIM1_TIMC_IRQHandler
                0x08002974                DMA2_Stream3_IRQHandler
                0x08002974                SAI2_IRQHandler
                0x08002974                DFSDM1_FLT3_IRQHandler
                0x08002974                USART6_IRQHandler
                0x08002974                TIM17_IRQHandler
                0x08002974                USART3_IRQHandler
                0x08002974                BDMA_Channel7_IRQHandler
                0x08002974                CRYP_IRQHandler
                0x08002974                LPTIM5_IRQHandler
                0x08002974                UART5_IRQHandler
                0x08002974                ADC3_IRQHandler
                0x08002974                DMA2_Stream0_IRQHandler
                0x08002974                TIM4_IRQHandler
                0x08002974                BDMA_Channel2_IRQHandler
                0x08002974                QUADSPI_IRQHandler
                0x08002974                I2C1_EV_IRQHandler
                0x08002974                DMA1_Stream6_IRQHandler
                0x08002974                DMAMUX1_OVR_IRQHandler
                0x08002974                DMA1_Stream1_IRQHandler
                0x08002974                TIM16_IRQHandler
                0x08002974                UART4_IRQHandler
                0x08002974                BDMA_Channel5_IRQHandler
                0x08002974                TIM3_IRQHandler
                0x08002974                RCC_IRQHandler
                0x08002974                TIM8_BRK_TIM12_IRQHandler
                0x08002974                TIM1_TRG_COM_IRQHandler
                0x08002974                Default_Handler
                0x08002974                ECC_IRQHandler
                0x08002974                CEC_IRQHandler
                0x08002974                EXTI15_10_IRQHandler
                0x08002974                BDMA_Channel0_IRQHandler
                0x08002974                ADC_IRQHandler
                0x08002974                DMA1_Stream7_IRQHandler
                0x08002974                HRTIM1_TIMA_IRQHandler
                0x08002974                SPI5_IRQHandler
                0x08002974                TIM7_IRQHandler
                0x08002974                SDMMC1_IRQHandler
                0x08002974                TIM5_IRQHandler
                0x08002974                DMA2_Stream7_IRQHandler
                0x08002974                TIM15_IRQHandler
                0x08002974                PVD_AVD_IRQHandler
                0x08002974                I2C3_EV_IRQHandler
                0x08002974                EXTI9_5_IRQHandler
                0x08002974                RTC_WKUP_IRQHandler
                0x08002974                LTDC_IRQHandler
                0x08002974                SAI3_IRQHandler
                0x08002974                ETH_WKUP_IRQHandler
                0x08002974                SPDIF_RX_IRQHandler
                0x08002974                SPI2_IRQHandler
                0x08002974                OTG_HS_EP1_IN_IRQHandler
                0x08002974                DMA1_Stream0_IRQHandler
                0x08002974                CRS_IRQHandler
                0x08002974                CM7_SEV_IRQHandler
                0x08002974                EXTI4_IRQHandler
                0x08002974                CM4_SEV_IRQHandler
                0x08002974                HRTIM1_TIMB_IRQHandler
                0x08002974                FDCAN2_IT1_IRQHandler
                0x08002974                DSI_IRQHandler
                0x08002974                ETH_IRQHandler
                0x08002974                TIM1_UP_IRQHandler
                0x08002974                WWDG_RST_IRQHandler
                0x08002974                BDMA_Channel4_IRQHandler
                0x08002974                OTG_HS_EP1_OUT_IRQHandler
                0x08002974                WWDG_IRQHandler
                0x08002974                SPI6_IRQHandler
                0x08002974                MDIOS_IRQHandler
                0x08002974                I2C4_EV_IRQHandler
                0x08002974                FDCAN2_IT0_IRQHandler
                0x08002974                LPUART1_IRQHandler
                0x08002974                FDCAN1_IT0_IRQHandler
                0x08002974                TIM2_IRQHandler
                0x08002974                OTG_FS_WKUP_IRQHandler
                0x08002974                OTG_HS_IRQHandler
                0x08002974                HSEM2_IRQHandler
                0x08002974                DMA2D_IRQHandler
                0x08002974                TIM1_BRK_IRQHandler
                0x08002974                EXTI1_IRQHandler
                0x08002974                SDMMC2_IRQHandler
                0x08002974                OTG_FS_EP1_OUT_IRQHandler
                0x08002974                BDMA_Channel3_IRQHandler
                0x08002974                HOLD_CORE_IRQHandler
                0x08002974                UART7_IRQHandler
                0x08002974                MDIOS_WKUP_IRQHandler
                0x08002974                USART2_IRQHandler
                0x08002974                DFSDM1_FLT0_IRQHandler
                0x08002974                SAI4_IRQHandler
                0x08002974                I2C2_ER_IRQHandler
                0x08002974                DMA2_Stream1_IRQHandler
                0x08002974                FLASH_IRQHandler
                0x08002974                DMA2_Stream4_IRQHandler
                0x08002974                USART1_IRQHandler
                0x08002974                SPI3_IRQHandler
                0x08002974                WAKEUP_PIN_IRQHandler
                0x08002974                DMA1_Stream4_IRQHandler
                0x08002974                OTG_FS_EP1_IN_IRQHandler
                0x08002974                I2C1_ER_IRQHandler
                0x08002974                FMC_IRQHandler
                0x08002974                FDCAN_CAL_IRQHandler
                0x08002974                SWPMI1_IRQHandler
                0x08002974                COMP1_IRQHandler
                0x08002974                LPTIM1_IRQHandler
                0x08002974                I2C4_ER_IRQHandler
                0x08002974                DMA2_Stream6_IRQHandler
                0x08002974                SAI1_IRQHandler
                0x08002974                DMA1_Stream3_IRQHandler
 *fill*         0x08002976        0x2 
 .text.HAL_Init
                0x08002978       0x78 ./Drivers/STM32H7xx_HAL_Driver/stm32h7xx_hal.o
                0x08002978                HAL_Init
 .text.HAL_InitTick
                0x080029f0       0x6c ./Drivers/STM32H7xx_HAL_Driver/stm32h7xx_hal.o
                0x080029f0                HAL_InitTick
 .text.HAL_IncTick
                0x08002a5c       0x28 ./Drivers/STM32H7xx_HAL_Driver/stm32h7xx_hal.o
                0x08002a5c                HAL_IncTick
 .text.HAL_GetTick
                0x08002a84       0x18 ./Drivers/STM32H7xx_HAL_Driver/stm32h7xx_hal.o
                0x08002a84                HAL_GetTick
 .text.HAL_Delay
                0x08002a9c       0x48 ./Drivers/STM32H7xx_HAL_Driver/stm32h7xx_hal.o
                0x08002a9c                HAL_Delay
 .text.HAL_GetREVID
                0x08002ae4       0x18 ./Drivers/STM32H7xx_HAL_Driver/stm32h7xx_hal.o
                0x08002ae4                HAL_GetREVID
 .text.__NVIC_SetPriorityGrouping
                0x08002afc       0x48 ./Drivers/STM32H7xx_HAL_Driver/stm32h7xx_hal_cortex.o
 .text.__NVIC_GetPriorityGrouping
                0x08002b44       0x1c ./Drivers/STM32H7xx_HAL_Driver/stm32h7xx_hal_cortex.o
 .text.__NVIC_EnableIRQ
                0x08002b60       0x3c ./Drivers/STM32H7xx_HAL_Driver/stm32h7xx_hal_cortex.o
 .text.__NVIC_SetPriority
                0x08002b9c       0x54 ./Drivers/STM32H7xx_HAL_Driver/stm32h7xx_hal_cortex.o
 .text.NVIC_EncodePriority
                0x08002bf0       0x66 ./Drivers/STM32H7xx_HAL_Driver/stm32h7xx_hal_cortex.o
 *fill*         0x08002c56        0x2 
 .text.SysTick_Config
                0x08002c58       0x44 ./Drivers/STM32H7xx_HAL_Driver/stm32h7xx_hal_cortex.o
 .text.HAL_NVIC_SetPriorityGrouping
                0x08002c9c       0x16 ./Drivers/STM32H7xx_HAL_Driver/stm32h7xx_hal_cortex.o
                0x08002c9c                HAL_NVIC_SetPriorityGrouping
 .text.HAL_NVIC_SetPriority
                0x08002cb2       0x34 ./Drivers/STM32H7xx_HAL_Driver/stm32h7xx_hal_cortex.o
                0x08002cb2                HAL_NVIC_SetPriority
 .text.HAL_NVIC_EnableIRQ
                0x08002ce6       0x1c ./Drivers/STM32H7xx_HAL_Driver/stm32h7xx_hal_cortex.o
                0x08002ce6                HAL_NVIC_EnableIRQ
 .text.HAL_SYSTICK_Config
                0x08002d02       0x18 ./Drivers/STM32H7xx_HAL_Driver/stm32h7xx_hal_cortex.o
                0x08002d02                HAL_SYSTICK_Config
 *fill*         0x08002d1a        0x2 
 .text.HAL_GPIO_Init
                0x08002d1c      0x360 ./Drivers/STM32H7xx_HAL_Driver/stm32h7xx_hal_gpio.o
                0x08002d1c                HAL_GPIO_Init
 .text.HAL_HSEM_FastTake
                0x0800307c       0x34 ./Drivers/STM32H7xx_HAL_Driver/stm32h7xx_hal_hsem.o
                0x0800307c                HAL_HSEM_FastTake
 .text.HAL_HSEM_Release
                0x080030b0       0x28 ./Drivers/STM32H7xx_HAL_Driver/stm32h7xx_hal_hsem.o
                0x080030b0                HAL_HSEM_Release
 .text.HAL_PCD_Init
                0x080030d8      0x218 ./Drivers/STM32H7xx_HAL_Driver/stm32h7xx_hal_pcd.o
                0x080030d8                HAL_PCD_Init
 .text.HAL_PCD_Start
                0x080032f0       0x6a ./Drivers/STM32H7xx_HAL_Driver/stm32h7xx_hal_pcd.o
                0x080032f0                HAL_PCD_Start
 .text.HAL_PCD_IRQHandler
                0x0800335a      0x99c ./Drivers/STM32H7xx_HAL_Driver/stm32h7xx_hal_pcd.o
                0x0800335a                HAL_PCD_IRQHandler
 .text.HAL_PCD_SetAddress
                0x08003cf6       0x48 ./Drivers/STM32H7xx_HAL_Driver/stm32h7xx_hal_pcd.o
                0x08003cf6                HAL_PCD_SetAddress
 .text.HAL_PCD_EP_Open
                0x08003d3e       0xd4 ./Drivers/STM32H7xx_HAL_Driver/stm32h7xx_hal_pcd.o
                0x08003d3e                HAL_PCD_EP_Open
 .text.HAL_PCD_EP_Close
                0x08003e12       0x94 ./Drivers/STM32H7xx_HAL_Driver/stm32h7xx_hal_pcd.o
                0x08003e12                HAL_PCD_EP_Close
 .text.HAL_PCD_EP_Receive
                0x08003ea6       0x76 ./Drivers/STM32H7xx_HAL_Driver/stm32h7xx_hal_pcd.o
                0x08003ea6                HAL_PCD_EP_Receive
 .text.HAL_PCD_EP_GetRxCount
                0x08003f1c       0x30 ./Drivers/STM32H7xx_HAL_Driver/stm32h7xx_hal_pcd.o
                0x08003f1c                HAL_PCD_EP_GetRxCount
 .text.HAL_PCD_EP_Transmit
                0x08003f4c       0x74 ./Drivers/STM32H7xx_HAL_Driver/stm32h7xx_hal_pcd.o
                0x08003f4c                HAL_PCD_EP_Transmit
 .text.HAL_PCD_EP_SetStall
                0x08003fc0       0xc6 ./Drivers/STM32H7xx_HAL_Driver/stm32h7xx_hal_pcd.o
                0x08003fc0                HAL_PCD_EP_SetStall
 .text.HAL_PCD_EP_ClrStall
                0x08004086       0xac ./Drivers/STM32H7xx_HAL_Driver/stm32h7xx_hal_pcd.o
                0x08004086                HAL_PCD_EP_ClrStall
 .text.HAL_PCD_EP_Abort
                0x08004132       0x62 ./Drivers/STM32H7xx_HAL_Driver/stm32h7xx_hal_pcd.o
                0x08004132                HAL_PCD_EP_Abort
 .text.PCD_WriteEmptyTxFifo
                0x08004194      0x118 ./Drivers/STM32H7xx_HAL_Driver/stm32h7xx_hal_pcd.o
 .text.PCD_EP_OutXfrComplete_int
                0x080042ac      0x1d0 ./Drivers/STM32H7xx_HAL_Driver/stm32h7xx_hal_pcd.o
 .text.PCD_EP_OutSetupPacket_int
                0x0800447c       0x8c ./Drivers/STM32H7xx_HAL_Driver/stm32h7xx_hal_pcd.o
 .text.HAL_PCDEx_SetTxFiFo
                0x08004508       0x8e ./Drivers/STM32H7xx_HAL_Driver/stm32h7xx_hal_pcd_ex.o
                0x08004508                HAL_PCDEx_SetTxFiFo
 .text.HAL_PCDEx_SetRxFiFo
                0x08004596       0x22 ./Drivers/STM32H7xx_HAL_Driver/stm32h7xx_hal_pcd_ex.o
                0x08004596                HAL_PCDEx_SetRxFiFo
 .text.HAL_PCDEx_ActivateLPM
                0x080045b8       0x48 ./Drivers/STM32H7xx_HAL_Driver/stm32h7xx_hal_pcd_ex.o
                0x080045b8                HAL_PCDEx_ActivateLPM
 .text.HAL_PCDEx_LPM_Callback
                0x08004600       0x18 ./Drivers/STM32H7xx_HAL_Driver/stm32h7xx_hal_pcd_ex.o
                0x08004600                HAL_PCDEx_LPM_Callback
 .text.HAL_PWREx_ConfigSupply
                0x08004618       0xb4 ./Drivers/STM32H7xx_HAL_Driver/stm32h7xx_hal_pwr_ex.o
                0x08004618                HAL_PWREx_ConfigSupply
 .text.HAL_PWREx_EnableUSBVoltageDetector
                0x080046cc       0x20 ./Drivers/STM32H7xx_HAL_Driver/stm32h7xx_hal_pwr_ex.o
                0x080046cc                HAL_PWREx_EnableUSBVoltageDetector
 .text.HAL_RCC_OscConfig
                0x080046ec      0x8b4 ./Drivers/STM32H7xx_HAL_Driver/stm32h7xx_hal_rcc.o
                0x080046ec                HAL_RCC_OscConfig
 .text.HAL_RCC_ClockConfig
                0x08004fa0      0x36c ./Drivers/STM32H7xx_HAL_Driver/stm32h7xx_hal_rcc.o
                0x08004fa0                HAL_RCC_ClockConfig
 .text.HAL_RCC_MCOConfig
                0x0800530c       0xd4 ./Drivers/STM32H7xx_HAL_Driver/stm32h7xx_hal_rcc.o
                0x0800530c                HAL_RCC_MCOConfig
 .text.HAL_RCC_GetSysClockFreq
                0x080053e0      0x2f4 ./Drivers/STM32H7xx_HAL_Driver/stm32h7xx_hal_rcc.o
                0x080053e0                HAL_RCC_GetSysClockFreq
 .text.HAL_RCC_GetHCLKFreq
                0x080056d4       0x60 ./Drivers/STM32H7xx_HAL_Driver/stm32h7xx_hal_rcc.o
                0x080056d4                HAL_RCC_GetHCLKFreq
 .text.HAL_RCCEx_PeriphCLKConfig
                0x08005734     0x1494 ./Drivers/STM32H7xx_HAL_Driver/stm32h7xx_hal_rcc_ex.o
                0x08005734                HAL_RCCEx_PeriphCLKConfig
 .text.RCCEx_PLL2_Config
                0x08006bc8      0x164 ./Drivers/STM32H7xx_HAL_Driver/stm32h7xx_hal_rcc_ex.o
 .text.RCCEx_PLL3_Config
                0x08006d2c      0x164 ./Drivers/STM32H7xx_HAL_Driver/stm32h7xx_hal_rcc_ex.o
 .text.USB_CoreInit
                0x08006e90       0xe4 ./Drivers/STM32H7xx_HAL_Driver/stm32h7xx_ll_usb.o
                0x08006e90                USB_CoreInit
 .text.USB_SetTurnaroundTime
                0x08006f74      0x144 ./Drivers/STM32H7xx_HAL_Driver/stm32h7xx_ll_usb.o
                0x08006f74                USB_SetTurnaroundTime
 .text.USB_EnableGlobalInt
                0x080070b8       0x22 ./Drivers/STM32H7xx_HAL_Driver/stm32h7xx_ll_usb.o
                0x080070b8                USB_EnableGlobalInt
 .text.USB_DisableGlobalInt
                0x080070da       0x22 ./Drivers/STM32H7xx_HAL_Driver/stm32h7xx_ll_usb.o
                0x080070da                USB_DisableGlobalInt
 .text.USB_SetCurrentMode
                0x080070fc       0x98 ./Drivers/STM32H7xx_HAL_Driver/stm32h7xx_ll_usb.o
                0x080070fc                USB_SetCurrentMode
 .text.USB_DevInit
                0x08007194      0x2bc ./Drivers/STM32H7xx_HAL_Driver/stm32h7xx_ll_usb.o
                0x08007194                USB_DevInit
 .text.USB_FlushTxFifo
                0x08007450       0x64 ./Drivers/STM32H7xx_HAL_Driver/stm32h7xx_ll_usb.o
                0x08007450                USB_FlushTxFifo
 .text.USB_FlushRxFifo
                0x080074b4       0x5c ./Drivers/STM32H7xx_HAL_Driver/stm32h7xx_ll_usb.o
                0x080074b4                USB_FlushRxFifo
 .text.USB_SetDevSpeed
                0x08007510       0x32 ./Drivers/STM32H7xx_HAL_Driver/stm32h7xx_ll_usb.o
                0x08007510                USB_SetDevSpeed
 .text.USB_GetDevSpeed
                0x08007542       0x4a ./Drivers/STM32H7xx_HAL_Driver/stm32h7xx_ll_usb.o
                0x08007542                USB_GetDevSpeed
 .text.USB_ActivateEndpoint
                0x0800758c      0x110 ./Drivers/STM32H7xx_HAL_Driver/stm32h7xx_ll_usb.o
                0x0800758c                USB_ActivateEndpoint
 .text.USB_DeactivateEndpoint
                0x0800769c      0x1b8 ./Drivers/STM32H7xx_HAL_Driver/stm32h7xx_ll_usb.o
                0x0800769c                USB_DeactivateEndpoint
 .text.USB_EPStartXfer
                0x08007854      0x548 ./Drivers/STM32H7xx_HAL_Driver/stm32h7xx_ll_usb.o
                0x08007854                USB_EPStartXfer
 .text.USB_EPStopXfer
                0x08007d9c      0x154 ./Drivers/STM32H7xx_HAL_Driver/stm32h7xx_ll_usb.o
                0x08007d9c                USB_EPStopXfer
 .text.USB_WritePacket
                0x08007ef0       0x7c ./Drivers/STM32H7xx_HAL_Driver/stm32h7xx_ll_usb.o
                0x08007ef0                USB_WritePacket
 .text.USB_ReadPacket
                0x08007f6c       0xb0 ./Drivers/STM32H7xx_HAL_Driver/stm32h7xx_ll_usb.o
                0x08007f6c                USB_ReadPacket
 .text.USB_EPSetStall
                0x0800801c       0xdc ./Drivers/STM32H7xx_HAL_Driver/stm32h7xx_ll_usb.o
                0x0800801c                USB_EPSetStall
 .text.USB_EPClearStall
                0x080080f8       0xcc ./Drivers/STM32H7xx_HAL_Driver/stm32h7xx_ll_usb.o
                0x080080f8                USB_EPClearStall
 .text.USB_SetDevAddress
                0x080081c4       0x4c ./Drivers/STM32H7xx_HAL_Driver/stm32h7xx_ll_usb.o
                0x080081c4                USB_SetDevAddress
 .text.USB_DevConnect
                0x08008210       0x42 ./Drivers/STM32H7xx_HAL_Driver/stm32h7xx_ll_usb.o
                0x08008210                USB_DevConnect
 .text.USB_DevDisconnect
                0x08008252       0x42 ./Drivers/STM32H7xx_HAL_Driver/stm32h7xx_ll_usb.o
                0x08008252                USB_DevDisconnect
 .text.USB_ReadInterrupts
                0x08008294       0x26 ./Drivers/STM32H7xx_HAL_Driver/stm32h7xx_ll_usb.o
                0x08008294                USB_ReadInterrupts
 .text.USB_ReadDevAllOutEpInterrupt
                0x080082ba       0x34 ./Drivers/STM32H7xx_HAL_Driver/stm32h7xx_ll_usb.o
                0x080082ba                USB_ReadDevAllOutEpInterrupt
 .text.USB_ReadDevAllInEpInterrupt
                0x080082ee       0x34 ./Drivers/STM32H7xx_HAL_Driver/stm32h7xx_ll_usb.o
                0x080082ee                USB_ReadDevAllInEpInterrupt
 .text.USB_ReadDevOutEPInterrupt
                0x08008322       0x3c ./Drivers/STM32H7xx_HAL_Driver/stm32h7xx_ll_usb.o
                0x08008322                USB_ReadDevOutEPInterrupt
 .text.USB_ReadDevInEPInterrupt
                0x0800835e       0x5c ./Drivers/STM32H7xx_HAL_Driver/stm32h7xx_ll_usb.o
                0x0800835e                USB_ReadDevInEPInterrupt
 .text.USB_GetMode
                0x080083ba       0x1c ./Drivers/STM32H7xx_HAL_Driver/stm32h7xx_ll_usb.o
                0x080083ba                USB_GetMode
 *fill*         0x080083d6        0x2 
 .text.USB_ActivateSetup
                0x080083d8       0x48 ./Drivers/STM32H7xx_HAL_Driver/stm32h7xx_ll_usb.o
                0x080083d8                USB_ActivateSetup
 .text.USB_EP0_OutStart
                0x08008420       0xbc ./Drivers/STM32H7xx_HAL_Driver/stm32h7xx_ll_usb.o
                0x08008420                USB_EP0_OutStart
 .text.USB_CoreReset
                0x080084dc       0x62 ./Drivers/STM32H7xx_HAL_Driver/stm32h7xx_ll_usb.o
 *fill*         0x0800853e        0x2 
 .text.USBD_CDC_Init
                0x08008540      0x1f0 ./Middlewares/ST/STM32_USB_Device_Library/usbd_cdc.o
 .text.USBD_CDC_DeInit
                0x08008730      0x104 ./Middlewares/ST/STM32_USB_Device_Library/usbd_cdc.o
 .text.USBD_CDC_Setup
                0x08008834      0x1b8 ./Middlewares/ST/STM32_USB_Device_Library/usbd_cdc.o
 .text.USBD_CDC_DataIn
                0x080089ec       0xfe ./Middlewares/ST/STM32_USB_Device_Library/usbd_cdc.o
 .text.USBD_CDC_DataOut
                0x08008aea       0x70 ./Middlewares/ST/STM32_USB_Device_Library/usbd_cdc.o
 .text.USBD_CDC_EP0_RxReady
                0x08008b5a       0x74 ./Middlewares/ST/STM32_USB_Device_Library/usbd_cdc.o
 *fill*         0x08008bce        0x2 
 .text.USBD_CDC_GetFSCfgDesc
                0x08008bd0       0x70 ./Middlewares/ST/STM32_USB_Device_Library/usbd_cdc.o
 .text.USBD_CDC_GetHSCfgDesc
                0x08008c40       0x70 ./Middlewares/ST/STM32_USB_Device_Library/usbd_cdc.o
 .text.USBD_CDC_GetOtherSpeedCfgDesc
                0x08008cb0       0x70 ./Middlewares/ST/STM32_USB_Device_Library/usbd_cdc.o
 .text.USBD_CDC_GetDeviceQualifierDescriptor
                0x08008d20       0x20 ./Middlewares/ST/STM32_USB_Device_Library/usbd_cdc.o
                0x08008d20                USBD_CDC_GetDeviceQualifierDescriptor
 .text.USBD_CDC_RegisterInterface
                0x08008d40       0x34 ./Middlewares/ST/STM32_USB_Device_Library/usbd_cdc.o
                0x08008d40                USBD_CDC_RegisterInterface
 .text.USBD_CDC_SetTxBuffer
                0x08008d74       0x44 ./Middlewares/ST/STM32_USB_Device_Library/usbd_cdc.o
                0x08008d74                USBD_CDC_SetTxBuffer
 .text.USBD_CDC_SetRxBuffer
                0x08008db8       0x3a ./Middlewares/ST/STM32_USB_Device_Library/usbd_cdc.o
                0x08008db8                USBD_CDC_SetRxBuffer
 *fill*         0x08008df2        0x2 
 .text.USBD_CDC_TransmitPacket
                0x08008df4       0x80 ./Middlewares/ST/STM32_USB_Device_Library/usbd_cdc.o
                0x08008df4                USBD_CDC_TransmitPacket
 .text.USBD_CDC_ReceivePacket
                0x08008e74       0x6c ./Middlewares/ST/STM32_USB_Device_Library/usbd_cdc.o
                0x08008e74                USBD_CDC_ReceivePacket
 .text.USBD_Init
                0x08008ee0       0x60 ./Middlewares/ST/STM32_USB_Device_Library/usbd_core.o
                0x08008ee0                USBD_Init
 .text.USBD_RegisterClass
                0x08008f40       0x6c ./Middlewares/ST/STM32_USB_Device_Library/usbd_core.o
                0x08008f40                USBD_RegisterClass
 .text.USBD_Start
                0x08008fac       0x18 ./Middlewares/ST/STM32_USB_Device_Library/usbd_core.o
                0x08008fac                USBD_Start
 .text.USBD_RunTestMode
                0x08008fc4       0x16 ./Middlewares/ST/STM32_USB_Device_Library/usbd_core.o
                0x08008fc4                USBD_RunTestMode
 .text.USBD_SetClassConfig
                0x08008fda       0x38 ./Middlewares/ST/STM32_USB_Device_Library/usbd_core.o
                0x08008fda                USBD_SetClassConfig
 .text.USBD_ClrClassConfig
                0x08009012       0x34 ./Middlewares/ST/STM32_USB_Device_Library/usbd_core.o
                0x08009012                USBD_ClrClassConfig
 .text.USBD_LL_SetupStage
                0x08009046       0xaa ./Middlewares/ST/STM32_USB_Device_Library/usbd_core.o
                0x08009046                USBD_LL_SetupStage
 .text.USBD_LL_DataOutStage
                0x080090f0      0x166 ./Middlewares/ST/STM32_USB_Device_Library/usbd_core.o
                0x080090f0                USBD_LL_DataOutStage
 .text.USBD_LL_DataInStage
                0x08009256      0x164 ./Middlewares/ST/STM32_USB_Device_Library/usbd_core.o
                0x08009256                USBD_LL_DataInStage
 .text.USBD_LL_Reset
                0x080093ba       0xa4 ./Middlewares/ST/STM32_USB_Device_Library/usbd_core.o
                0x080093ba                USBD_LL_Reset
 .text.USBD_LL_SetSpeed
                0x0800945e       0x20 ./Middlewares/ST/STM32_USB_Device_Library/usbd_core.o
                0x0800945e                USBD_LL_SetSpeed
 .text.USBD_LL_Suspend
                0x0800947e       0x38 ./Middlewares/ST/STM32_USB_Device_Library/usbd_core.o
                0x0800947e                USBD_LL_Suspend
 .text.USBD_LL_Resume
                0x080094b6       0x30 ./Middlewares/ST/STM32_USB_Device_Library/usbd_core.o
                0x080094b6                USBD_LL_Resume
 .text.USBD_LL_SOF
                0x080094e6       0x40 ./Middlewares/ST/STM32_USB_Device_Library/usbd_core.o
                0x080094e6                USBD_LL_SOF
 .text.USBD_LL_IsoINIncomplete
                0x08009526       0x64 ./Middlewares/ST/STM32_USB_Device_Library/usbd_core.o
                0x08009526                USBD_LL_IsoINIncomplete
 .text.USBD_LL_IsoOUTIncomplete
                0x0800958a       0x64 ./Middlewares/ST/STM32_USB_Device_Library/usbd_core.o
                0x0800958a                USBD_LL_IsoOUTIncomplete
 .text.USBD_LL_DevConnected
                0x080095ee       0x16 ./Middlewares/ST/STM32_USB_Device_Library/usbd_core.o
                0x080095ee                USBD_LL_DevConnected
 .text.USBD_LL_DevDisconnected
                0x08009604       0x46 ./Middlewares/ST/STM32_USB_Device_Library/usbd_core.o
                0x08009604                USBD_LL_DevDisconnected
 .text.USBD_CoreFindIF
                0x0800964a       0x1a ./Middlewares/ST/STM32_USB_Device_Library/usbd_core.o
                0x0800964a                USBD_CoreFindIF
 .text.USBD_CoreFindEP
                0x08009664       0x1a ./Middlewares/ST/STM32_USB_Device_Library/usbd_core.o
                0x08009664                USBD_CoreFindEP
 .text.USBD_GetEpDesc
                0x0800967e       0x70 ./Middlewares/ST/STM32_USB_Device_Library/usbd_core.o
                0x0800967e                USBD_GetEpDesc
 .text.USBD_GetNextDesc
                0x080096ee       0x38 ./Middlewares/ST/STM32_USB_Device_Library/usbd_core.o
                0x080096ee                USBD_GetNextDesc
 .text.SWAPBYTE
                0x08009726       0x3e ./Middlewares/ST/STM32_USB_Device_Library/usbd_ctlreq.o
 .text.USBD_StdDevReq
                0x08009764       0xe4 ./Middlewares/ST/STM32_USB_Device_Library/usbd_ctlreq.o
                0x08009764                USBD_StdDevReq
 .text.USBD_StdItfReq
                0x08009848       0xd8 ./Middlewares/ST/STM32_USB_Device_Library/usbd_ctlreq.o
                0x08009848                USBD_StdItfReq
 .text.USBD_StdEPReq
                0x08009920      0x33a ./Middlewares/ST/STM32_USB_Device_Library/usbd_ctlreq.o
                0x08009920                USBD_StdEPReq
 *fill*         0x08009c5a        0x2 
 .text.USBD_GetDescriptor
                0x08009c5c      0x328 ./Middlewares/ST/STM32_USB_Device_Library/usbd_ctlreq.o
 .text.USBD_SetAddress
                0x08009f84       0x88 ./Middlewares/ST/STM32_USB_Device_Library/usbd_ctlreq.o
 .text.USBD_SetConfig
                0x0800a00c      0x154 ./Middlewares/ST/STM32_USB_Device_Library/usbd_ctlreq.o
 .text.USBD_GetConfig
                0x0800a160       0x6c ./Middlewares/ST/STM32_USB_Device_Library/usbd_ctlreq.o
 .text.USBD_GetStatus
                0x0800a1cc       0x68 ./Middlewares/ST/STM32_USB_Device_Library/usbd_ctlreq.o
 .text.USBD_SetFeature
                0x0800a234       0x52 ./Middlewares/ST/STM32_USB_Device_Library/usbd_ctlreq.o
 .text.USBD_ClrFeature
                0x0800a286       0x44 ./Middlewares/ST/STM32_USB_Device_Library/usbd_ctlreq.o
 .text.USBD_ParseSetupRequest
                0x0800a2ca       0x74 ./Middlewares/ST/STM32_USB_Device_Library/usbd_ctlreq.o
                0x0800a2ca                USBD_ParseSetupRequest
 .text.USBD_CtlError
                0x0800a33e       0x22 ./Middlewares/ST/STM32_USB_Device_Library/usbd_ctlreq.o
                0x0800a33e                USBD_CtlError
 .text.USBD_GetString
                0x0800a360       0xa4 ./Middlewares/ST/STM32_USB_Device_Library/usbd_ctlreq.o
                0x0800a360                USBD_GetString
 .text.USBD_GetLen
                0x0800a404       0x34 ./Middlewares/ST/STM32_USB_Device_Library/usbd_ctlreq.o
 .text.USBD_CtlSendData
                0x0800a438       0x36 ./Middlewares/ST/STM32_USB_Device_Library/usbd_ioreq.o
                0x0800a438                USBD_CtlSendData
 .text.USBD_CtlContinueSendData
                0x0800a46e       0x22 ./Middlewares/ST/STM32_USB_Device_Library/usbd_ioreq.o
                0x0800a46e                USBD_CtlContinueSendData
 .text.USBD_CtlPrepareRx
                0x0800a490       0x3a ./Middlewares/ST/STM32_USB_Device_Library/usbd_ioreq.o
                0x0800a490                USBD_CtlPrepareRx
 .text.USBD_CtlContinueRx
                0x0800a4ca       0x22 ./Middlewares/ST/STM32_USB_Device_Library/usbd_ioreq.o
                0x0800a4ca                USBD_CtlContinueRx
 .text.USBD_CtlSendStatus
                0x0800a4ec       0x26 ./Middlewares/ST/STM32_USB_Device_Library/usbd_ioreq.o
                0x0800a4ec                USBD_CtlSendStatus
 .text.USBD_CtlReceiveStatus
                0x0800a512       0x26 ./Middlewares/ST/STM32_USB_Device_Library/usbd_ioreq.o
                0x0800a512                USBD_CtlReceiveStatus
 .text.MX_USB_DEVICE_Init
                0x0800a538       0x64 ./USB_DEVICE/App/usb_device.o
                0x0800a538                MX_USB_DEVICE_Init
 .text.CDC_Init_FS
                0x0800a59c       0x28 ./USB_DEVICE/App/usbd_cdc_if.o
 .text.CDC_DeInit_FS
                0x0800a5c4       0x10 ./USB_DEVICE/App/usbd_cdc_if.o
 .text.CDC_Control_FS
                0x0800a5d4       0xbc ./USB_DEVICE/App/usbd_cdc_if.o
 .text.CDC_Receive_FS
                0x0800a690       0x28 ./USB_DEVICE/App/usbd_cdc_if.o
 .text.CDC_TransmitCplt_FS
                0x0800a6b8       0x22 ./USB_DEVICE/App/usbd_cdc_if.o
 *fill*         0x0800a6da        0x2 
 .text.USBD_FS_DeviceDescriptor
                0x0800a6dc       0x24 ./USB_DEVICE/App/usbd_desc.o
                0x0800a6dc                USBD_FS_DeviceDescriptor
 .text.USBD_FS_LangIDStrDescriptor
                0x0800a700       0x24 ./USB_DEVICE/App/usbd_desc.o
                0x0800a700                USBD_FS_LangIDStrDescriptor
 .text.USBD_FS_ProductStrDescriptor
                0x0800a724       0x3c ./USB_DEVICE/App/usbd_desc.o
                0x0800a724                USBD_FS_ProductStrDescriptor
 .text.USBD_FS_ManufacturerStrDescriptor
                0x0800a760       0x28 ./USB_DEVICE/App/usbd_desc.o
                0x0800a760                USBD_FS_ManufacturerStrDescriptor
 .text.USBD_FS_SerialStrDescriptor
                0x0800a788       0x24 ./USB_DEVICE/App/usbd_desc.o
                0x0800a788                USBD_FS_SerialStrDescriptor
 .text.USBD_FS_ConfigStrDescriptor
                0x0800a7ac       0x3c ./USB_DEVICE/App/usbd_desc.o
                0x0800a7ac                USBD_FS_ConfigStrDescriptor
 .text.USBD_FS_InterfaceStrDescriptor
                0x0800a7e8       0x3c ./USB_DEVICE/App/usbd_desc.o
                0x0800a7e8                USBD_FS_InterfaceStrDescriptor
 .text.Get_SerialNum
                0x0800a824       0x58 ./USB_DEVICE/App/usbd_desc.o
 .text.IntToUnicode
                0x0800a87c       0x7e ./USB_DEVICE/App/usbd_desc.o
 *fill*         0x0800a8fa        0x2 
 .text.HAL_PCD_MspInit
                0x0800a8fc      0x108 ./USB_DEVICE/Target/usbd_conf.o
                0x0800a8fc                HAL_PCD_MspInit
 .text.HAL_PCD_SetupStageCallback
                0x0800aa04       0x24 ./USB_DEVICE/Target/usbd_conf.o
                0x0800aa04                HAL_PCD_SetupStageCallback
 .text.HAL_PCD_DataOutStageCallback
                0x0800aa28       0x36 ./USB_DEVICE/Target/usbd_conf.o
                0x0800aa28                HAL_PCD_DataOutStageCallback
 .text.HAL_PCD_DataInStageCallback
                0x0800aa5e       0x34 ./USB_DEVICE/Target/usbd_conf.o
                0x0800aa5e                HAL_PCD_DataInStageCallback
 .text.HAL_PCD_SOFCallback
                0x0800aa92       0x1c ./USB_DEVICE/Target/usbd_conf.o
                0x0800aa92                HAL_PCD_SOFCallback
 .text.HAL_PCD_ResetCallback
                0x0800aaae       0x50 ./USB_DEVICE/Target/usbd_conf.o
                0x0800aaae                HAL_PCD_ResetCallback
 *fill*         0x0800aafe        0x2 
 .text.HAL_PCD_SuspendCallback
                0x0800ab00       0x4c ./USB_DEVICE/Target/usbd_conf.o
                0x0800ab00                HAL_PCD_SuspendCallback
 .text.HAL_PCD_ResumeCallback
                0x0800ab4c       0x1c ./USB_DEVICE/Target/usbd_conf.o
                0x0800ab4c                HAL_PCD_ResumeCallback
 .text.HAL_PCD_ISOOUTIncompleteCallback
                0x0800ab68       0x24 ./USB_DEVICE/Target/usbd_conf.o
                0x0800ab68                HAL_PCD_ISOOUTIncompleteCallback
 .text.HAL_PCD_ISOINIncompleteCallback
                0x0800ab8c       0x24 ./USB_DEVICE/Target/usbd_conf.o
                0x0800ab8c                HAL_PCD_ISOINIncompleteCallback
 .text.HAL_PCD_ConnectCallback
                0x0800abb0       0x1c ./USB_DEVICE/Target/usbd_conf.o
                0x0800abb0                HAL_PCD_ConnectCallback
 .text.HAL_PCD_DisconnectCallback
                0x0800abcc       0x1c ./USB_DEVICE/Target/usbd_conf.o
                0x0800abcc                HAL_PCD_DisconnectCallback
 .text.USBD_LL_Init
                0x0800abe8       0xa0 ./USB_DEVICE/Target/usbd_conf.o
                0x0800abe8                USBD_LL_Init
 .text.USBD_LL_Start
                0x0800ac88       0x36 ./USB_DEVICE/Target/usbd_conf.o
                0x0800ac88                USBD_LL_Start
 .text.USBD_LL_OpenEP
                0x0800acbe       0x4c ./USB_DEVICE/Target/usbd_conf.o
                0x0800acbe                USBD_LL_OpenEP
 .text.USBD_LL_CloseEP
                0x0800ad0a       0x3e ./USB_DEVICE/Target/usbd_conf.o
                0x0800ad0a                USBD_LL_CloseEP
 .text.USBD_LL_StallEP
                0x0800ad48       0x3e ./USB_DEVICE/Target/usbd_conf.o
                0x0800ad48                USBD_LL_StallEP
 .text.USBD_LL_ClearStallEP
                0x0800ad86       0x3e ./USB_DEVICE/Target/usbd_conf.o
                0x0800ad86                USBD_LL_ClearStallEP
 .text.USBD_LL_IsStallEP
                0x0800adc4       0x58 ./USB_DEVICE/Target/usbd_conf.o
                0x0800adc4                USBD_LL_IsStallEP
 .text.USBD_LL_SetUSBAddress
                0x0800ae1c       0x3e ./USB_DEVICE/Target/usbd_conf.o
                0x0800ae1c                USBD_LL_SetUSBAddress
 .text.USBD_LL_Transmit
                0x0800ae5a       0x42 ./USB_DEVICE/Target/usbd_conf.o
                0x0800ae5a                USBD_LL_Transmit
 .text.USBD_LL_PrepareReceive
                0x0800ae9c       0x42 ./USB_DEVICE/Target/usbd_conf.o
                0x0800ae9c                USBD_LL_PrepareReceive
 .text.USBD_LL_GetRxDataSize
                0x0800aede       0x26 ./USB_DEVICE/Target/usbd_conf.o
                0x0800aede                USBD_LL_GetRxDataSize
 .text.USBD_static_malloc
                0x0800af04       0x1c ./USB_DEVICE/Target/usbd_conf.o
                0x0800af04                USBD_static_malloc
 .text.USBD_static_free
                0x0800af20       0x14 ./USB_DEVICE/Target/usbd_conf.o
                0x0800af20                USBD_static_free
 .text.USBD_Get_USB_Status
                0x0800af34       0x58 ./USB_DEVICE/Target/usbd_conf.o
                0x0800af34                USBD_Get_USB_Status
 .text.arm_max_f32
                0x0800af8c       0xd0 C:\Users\user\STM32Cube\Repository\STM32Cube_FW_H7_V1.12.0\Drivers\CMSIS\DSP\Lib\GCC\libarm_cortexM7lfsp_math.a(arm_max_f32.o)
                0x0800af8c                arm_max_f32
 .text.arm_bitreversal_32
                0x0800b05c       0x50 C:\Users\user\STM32Cube\Repository\STM32Cube_FW_H7_V1.12.0\Drivers\CMSIS\DSP\Lib\GCC\libarm_cortexM7lfsp_math.a(arm_bitreversal2.o)
                0x0800b05c                arm_bitreversal_32
 .text.arm_cmplx_mag_f32
                0x0800b0ac      0x248 C:\Users\user\STM32Cube\Repository\STM32Cube_FW_H7_V1.12.0\Drivers\CMSIS\DSP\Lib\GCC\libarm_cortexM7lfsp_math.a(arm_cmplx_mag_f32.o)
                0x0800b0ac                arm_cmplx_mag_f32
 .text.memset   0x0800b2f4       0x10 C:/ST/STM32CubeIDE_1.19.0/STM32CubeIDE/plugins/com.st.stm32cube.ide.mcu.externaltools.gnu-tools-for-stm32.13.3.rel1.win32_1.0.0.202411081344/tools/bin/../lib/gcc/arm-none-eabi/13.3.1/../../../../arm-none-eabi/lib/thumb/v7e-m+dp/hard\libc_nano.a(libc_a-memset.o)
                0x0800b2f4                memset
 .text.__errno  0x0800b304        0xc C:/ST/STM32CubeIDE_1.19.0/STM32CubeIDE/plugins/com.st.stm32cube.ide.mcu.externaltools.gnu-tools-for-stm32.13.3.rel1.win32_1.0.0.202411081344/tools/bin/../lib/gcc/arm-none-eabi/13.3.1/../../../../arm-none-eabi/lib/thumb/v7e-m+dp/hard\libc_nano.a(libc_a-errno.o)
                0x0800b304                __errno
 .text.__libc_init_array
                0x0800b310       0x48 C:/ST/STM32CubeIDE_1.19.0/STM32CubeIDE/plugins/com.st.stm32cube.ide.mcu.externaltools.gnu-tools-for-stm32.13.3.rel1.win32_1.0.0.202411081344/tools/bin/../lib/gcc/arm-none-eabi/13.3.1/../../../../arm-none-eabi/lib/thumb/v7e-m+dp/hard\libc_nano.a(libc_a-init.o)
                0x0800b310                __libc_init_array
 .text.sqrtf    0x0800b358       0x3c C:/ST/STM32CubeIDE_1.19.0/STM32CubeIDE/plugins/com.st.stm32cube.ide.mcu.externaltools.gnu-tools-for-stm32.13.3.rel1.win32_1.0.0.202411081344/tools/bin/../lib/gcc/arm-none-eabi/13.3.1/../../../../arm-none-eabi/lib/thumb/v7e-m+dp/hard\libm.a(libm_a-wf_sqrt.o)
                0x0800b358                sqrtf
 .text.__ieee754_sqrtf
                0x0800b394        0x6 C:/ST/STM32CubeIDE_1.19.0/STM32CubeIDE/plugins/com.st.stm32cube.ide.mcu.externaltools.gnu-tools-for-stm32.13.3.rel1.win32_1.0.0.202411081344/tools/bin/../lib/gcc/arm-none-eabi/13.3.1/../../../../arm-none-eabi/lib/thumb/v7e-m+dp/hard\libm.a(libm_a-ef_sqrt.o)
                0x0800b394                __ieee754_sqrtf
 *(.glue_7)
 .glue_7        0x0800b39a        0x0 linker stubs
 *(.glue_7t)
 .glue_7t       0x0800b39a        0x0 linker stubs
 *(.eh_frame)
 *fill*         0x0800b39a        0x2 
 .eh_frame      0x0800b39c        0x0 C:/ST/STM32CubeIDE_1.19.0/STM32CubeIDE/plugins/com.st.stm32cube.ide.mcu.externaltools.gnu-tools-for-stm32.13.3.rel1.win32_1.0.0.202411081344/tools/bin/../lib/gcc/arm-none-eabi/13.3.1/thumb/v7e-m+dp/hard/crtbegin.o
 *(.init)
 .init          0x0800b39c        0x4 C:/ST/STM32CubeIDE_1.19.0/STM32CubeIDE/plugins/com.st.stm32cube.ide.mcu.externaltools.gnu-tools-for-stm32.13.3.rel1.win32_1.0.0.202411081344/tools/bin/../lib/gcc/arm-none-eabi/13.3.1/thumb/v7e-m+dp/hard/crti.o
                0x0800b39c                _init
 .init          0x0800b3a0        0x8 C:/ST/STM32CubeIDE_1.19.0/STM32CubeIDE/plugins/com.st.stm32cube.ide.mcu.externaltools.gnu-tools-for-stm32.13.3.rel1.win32_1.0.0.202411081344/tools/bin/../lib/gcc/arm-none-eabi/13.3.1/thumb/v7e-m+dp/hard/crtn.o
 *(.fini)
 .fini          0x0800b3a8        0x4 C:/ST/STM32CubeIDE_1.19.0/STM32CubeIDE/plugins/com.st.stm32cube.ide.mcu.externaltools.gnu-tools-for-stm32.13.3.rel1.win32_1.0.0.202411081344/tools/bin/../lib/gcc/arm-none-eabi/13.3.1/thumb/v7e-m+dp/hard/crti.o
                0x0800b3a8                _fini
 .fini          0x0800b3ac        0x8 C:/ST/STM32CubeIDE_1.19.0/STM32CubeIDE/plugins/com.st.stm32cube.ide.mcu.externaltools.gnu-tools-for-stm32.13.3.rel1.win32_1.0.0.202411081344/tools/bin/../lib/gcc/arm-none-eabi/13.3.1/thumb/v7e-m+dp/hard/crtn.o
                0x0800b3b4                        . = ALIGN (0x4)
                0x0800b3b4                        _etext = .

.vfp11_veneer   0x0800b3b4        0x0
 .vfp11_veneer  0x0800b3b4        0x0 linker stubs

.v4_bx          0x0800b3b4        0x0
 .v4_bx         0x0800b3b4        0x0 linker stubs

.iplt           0x0800b3b4        0x0
 .iplt          0x0800b3b4        0x0 C:/ST/STM32CubeIDE_1.19.0/STM32CubeIDE/plugins/com.st.stm32cube.ide.mcu.externaltools.gnu-tools-for-stm32.13.3.rel1.win32_1.0.0.202411081344/tools/bin/../lib/gcc/arm-none-eabi/13.3.1/thumb/v7e-m+dp/hard/crtbegin.o

.rodata         0x0800b3b4     0x2eb4
                0x0800b3b4                        . = ALIGN (0x4)
 *(.rodata)
 .rodata        0x0800b3b4       0x3c ./Core/Src/main.o
 .rodata        0x0800b3f0       0x46 ./USB_DEVICE/App/usbd_desc.o
 *(.rodata*)
 *fill*         0x0800b436        0x2 
 .rodata.D1CorePrescTable
                0x0800b438       0x10 ./Common/Src/system_stm32h7xx_dualcore_boot_cm4_cm7.o
                0x0800b438                D1CorePrescTable
 .rodata.arm_cfft_sR_f32_len1024
                0x0800b448       0x10 C:\Users\user\STM32Cube\Repository\STM32Cube_FW_H7_V1.12.0\Drivers\CMSIS\DSP\Lib\GCC\libarm_cortexM7lfsp_math.a(arm_const_structs.o)
                0x0800b448                arm_cfft_sR_f32_len1024
 .rodata.armBitRevIndexTable1024
                0x0800b458      0xe10 C:\Users\user\STM32Cube\Repository\STM32Cube_FW_H7_V1.12.0\Drivers\CMSIS\DSP\Lib\GCC\libarm_cortexM7lfsp_math.a(arm_common_tables.o)
                0x0800b458                armBitRevIndexTable1024
 .rodata.twiddleCoef_1024
                0x0800c268     0x2000 C:\Users\user\STM32Cube\Repository\STM32Cube_FW_H7_V1.12.0\Drivers\CMSIS\DSP\Lib\GCC\libarm_cortexM7lfsp_math.a(arm_common_tables.o)
                0x0800c268                twiddleCoef_1024
                0x0800e268                        . = ALIGN (0x4)

.ARM.extab      0x0800e268        0x0
                0x0800e268                        . = ALIGN (0x4)
 *(.ARM.extab* .gnu.linkonce.armextab.*)
                0x0800e268                        . = ALIGN (0x4)

.ARM            0x0800e268        0x0
                0x0800e268                        . = ALIGN (0x4)
                0x0800e268                        __exidx_start = .
 *(.ARM.exidx*)
                0x0800e268                        __exidx_end = .
                0x0800e268                        . = ALIGN (0x4)

.preinit_array  0x0800e268        0x0
                0x0800e268                        . = ALIGN (0x4)
                0x0800e268                        PROVIDE (__preinit_array_start = .)
 *(.preinit_array*)
                0x0800e268                        PROVIDE (__preinit_array_end = .)
                0x0800e268                        . = ALIGN (0x4)

.init_array     0x0800e268        0x4
                0x0800e268                        . = ALIGN (0x4)
                0x0800e268                        PROVIDE (__init_array_start = .)
 *(SORT_BY_NAME(.init_array.*))
 *(.init_array*)
 .init_array    0x0800e268        0x4 C:/ST/STM32CubeIDE_1.19.0/STM32CubeIDE/plugins/com.st.stm32cube.ide.mcu.externaltools.gnu-tools-for-stm32.13.3.rel1.win32_1.0.0.202411081344/tools/bin/../lib/gcc/arm-none-eabi/13.3.1/thumb/v7e-m+dp/hard/crtbegin.o
                0x0800e26c                        PROVIDE (__init_array_end = .)
                0x0800e26c                        . = ALIGN (0x4)

.fini_array     0x0800e26c        0x4
                0x0800e26c                        . = ALIGN (0x4)
                [!provide]                        PROVIDE (__fini_array_start = .)
 *(SORT_BY_NAME(.fini_array.*))
 *(.fini_array*)
 .fini_array    0x0800e26c        0x4 C:/ST/STM32CubeIDE_1.19.0/STM32CubeIDE/plugins/com.st.stm32cube.ide.mcu.externaltools.gnu-tools-for-stm32.13.3.rel1.win32_1.0.0.202411081344/tools/bin/../lib/gcc/arm-none-eabi/13.3.1/thumb/v7e-m+dp/hard/crtbegin.o
                [!provide]                        PROVIDE (__fini_array_end = .)
                0x0800e270                        . = ALIGN (0x4)
                0x0800e270                        _sidata = LOADADDR (.data)

.rel.dyn        0x0800e270        0x0
 .rel.iplt      0x0800e270        0x0 C:/ST/STM32CubeIDE_1.19.0/STM32CubeIDE/plugins/com.st.stm32cube.ide.mcu.externaltools.gnu-tools-for-stm32.13.3.rel1.win32_1.0.0.202411081344/tools/bin/../lib/gcc/arm-none-eabi/13.3.1/thumb/v7e-m+dp/hard/crtbegin.o

.data           0x24000000     0x215c load address 0x0800e270
                0x24000000                        . = ALIGN (0x4)
                0x24000000                        _sdata = .
 *(.data)
 *(.data*)
 .data.SystemCoreClock
                0x24000000        0x4 ./Common/Src/system_stm32h7xx_dualcore_boot_cm4_cm7.o
                0x24000000                SystemCoreClock
 .data.SystemD2Clock
                0x24000004        0x4 ./Common/Src/system_stm32h7xx_dualcore_boot_cm4_cm7.o
                0x24000004                SystemD2Clock
 .data.testInput_f32_10khz
                0x24000008     0x2000 ./Core/Src/arm_fft_bin_data.o
                0x24000008                testInput_f32_10khz
 .data.fftSize  0x24002008        0x4 ./Core/Src/main.o
                0x24002008                fftSize
 .data.doBitReverse
                0x2400200c        0x4 ./Core/Src/main.o
                0x2400200c                doBitReverse
 .data.uwTickPrio
                0x24002010        0x4 ./Drivers/STM32H7xx_HAL_Driver/stm32h7xx_hal.o
                0x24002010                uwTickPrio
 .data.uwTickFreq
                0x24002014        0x1 ./Drivers/STM32H7xx_HAL_Driver/stm32h7xx_hal.o
                0x24002014                uwTickFreq
 *fill*         0x24002015        0x3 
 .data.USBD_CDC_DeviceQualifierDesc
                0x24002018        0xa ./Middlewares/ST/STM32_USB_Device_Library/usbd_cdc.o
 *fill*         0x24002022        0x2 
 .data.USBD_CDC
                0x24002024       0x38 ./Middlewares/ST/STM32_USB_Device_Library/usbd_cdc.o
                0x24002024                USBD_CDC
 .data.USBD_CDC_CfgDesc
                0x2400205c       0x43 ./Middlewares/ST/STM32_USB_Device_Library/usbd_cdc.o
 .data.CDCInEpAdd
                0x2400209f        0x1 ./Middlewares/ST/STM32_USB_Device_Library/usbd_cdc.o
 .data.CDCOutEpAdd
                0x240020a0        0x1 ./Middlewares/ST/STM32_USB_Device_Library/usbd_cdc.o
 .data.CDCCmdEpAdd
                0x240020a1        0x1 ./Middlewares/ST/STM32_USB_Device_Library/usbd_cdc.o
 *fill*         0x240020a2        0x2 
 .data.USBD_Interface_fops_FS
                0x240020a4       0x14 ./USB_DEVICE/App/usbd_cdc_if.o
                0x240020a4                USBD_Interface_fops_FS
 .data.FS_Desc  0x240020b8       0x20 ./USB_DEVICE/App/usbd_desc.o
                0x240020b8                FS_Desc
 .data.USBD_FS_DeviceDesc
                0x240020d8       0x12 ./USB_DEVICE/App/usbd_desc.o
                0x240020d8                USBD_FS_DeviceDesc
 *fill*         0x240020ea        0x2 
 .data.USBD_LangIDDesc
                0x240020ec        0x4 ./USB_DEVICE/App/usbd_desc.o
                0x240020ec                USBD_LangIDDesc
 .data.USBD_StringSerial
                0x240020f0       0x1a ./USB_DEVICE/App/usbd_desc.o
                0x240020f0                USBD_StringSerial
 *fill*         0x2400210a        0x2 
 .data._impure_ptr
                0x2400210c        0x4 C:/ST/STM32CubeIDE_1.19.0/STM32CubeIDE/plugins/com.st.stm32cube.ide.mcu.externaltools.gnu-tools-for-stm32.13.3.rel1.win32_1.0.0.202411081344/tools/bin/../lib/gcc/arm-none-eabi/13.3.1/../../../../arm-none-eabi/lib/thumb/v7e-m+dp/hard\libc_nano.a(libc_a-impure.o)
                0x2400210c                _impure_ptr
 .data._impure_data
                0x24002110       0x4c C:/ST/STM32CubeIDE_1.19.0/STM32CubeIDE/plugins/com.st.stm32cube.ide.mcu.externaltools.gnu-tools-for-stm32.13.3.rel1.win32_1.0.0.202411081344/tools/bin/../lib/gcc/arm-none-eabi/13.3.1/../../../../arm-none-eabi/lib/thumb/v7e-m+dp/hard\libc_nano.a(libc_a-impure.o)
                0x24002110                _impure_data
 *(.RamFunc)
 *(.RamFunc*)
                0x2400215c                        . = ALIGN (0x4)
                0x2400215c                        _edata = .

.igot.plt       0x2400215c        0x0 load address 0x080103cc
 .igot.plt      0x2400215c        0x0 C:/ST/STM32CubeIDE_1.19.0/STM32CubeIDE/plugins/com.st.stm32cube.ide.mcu.externaltools.gnu-tools-for-stm32.13.3.rel1.win32_1.0.0.202411081344/tools/bin/../lib/gcc/arm-none-eabi/13.3.1/thumb/v7e-m+dp/hard/crtbegin.o
                0x2400215c                        . = ALIGN (0x4)

.bss            0x2400215c     0x2d44 load address 0x080103cc
                0x2400215c                        _sbss = .
                0x2400215c                        __bss_start__ = _sbss
 *(.bss)
 .bss           0x2400215c       0x1c C:/ST/STM32CubeIDE_1.19.0/STM32CubeIDE/plugins/com.st.stm32cube.ide.mcu.externaltools.gnu-tools-for-stm32.13.3.rel1.win32_1.0.0.202411081344/tools/bin/../lib/gcc/arm-none-eabi/13.3.1/thumb/v7e-m+dp/hard/crtbegin.o
 *(.bss*)
 .bss.testOutput
                0x24002178     0x1000 ./Core/Src/main.o
 .bss.ifftFlag  0x24003178        0x4 ./Core/Src/main.o
                0x24003178                ifftFlag
 .bss.testIndex
                0x2400317c        0x4 ./Core/Src/main.o
                0x2400317c                testIndex
 .bss.uwTick    0x24003180        0x4 ./Drivers/STM32H7xx_HAL_Driver/stm32h7xx_hal.o
                0x24003180                uwTick
 .bss.cfgidx.0  0x24003184        0x1 ./Middlewares/ST/STM32_USB_Device_Library/usbd_ctlreq.o
 *fill*         0x24003185        0x3 
 .bss.hUsbDeviceFS
                0x24003188      0x2dc ./USB_DEVICE/App/usb_device.o
                0x24003188                hUsbDeviceFS
 .bss.UserRxBufferFS
                0x24003464      0x800 ./USB_DEVICE/App/usbd_cdc_if.o
                0x24003464                UserRxBufferFS
 .bss.UserTxBufferFS
                0x24003c64      0x800 ./USB_DEVICE/App/usbd_cdc_if.o
                0x24003c64                UserTxBufferFS
 .bss.USBD_StrDesc
                0x24004464      0x200 ./USB_DEVICE/App/usbd_desc.o
                0x24004464                USBD_StrDesc
 .bss.hpcd_USB_OTG_FS
                0x24004664      0x4e4 ./USB_DEVICE/Target/usbd_conf.o
                0x24004664                hpcd_USB_OTG_FS
 .bss.mem.0     0x24004b48      0x220 ./USB_DEVICE/Target/usbd_conf.o
 .bss.__sf      0x24004d68      0x138 C:/ST/STM32CubeIDE_1.19.0/STM32CubeIDE/plugins/com.st.stm32cube.ide.mcu.externaltools.gnu-tools-for-stm32.13.3.rel1.win32_1.0.0.202411081344/tools/bin/../lib/gcc/arm-none-eabi/13.3.1/../../../../arm-none-eabi/lib/thumb/v7e-m+dp/hard\libc_nano.a(libc_a-findfp.o)
                0x24004d68                __sf
 *(COMMON)
                0x24004ea0                        . = ALIGN (0x4)
                0x24004ea0                        _ebss = .
                0x24004ea0                        __bss_end__ = _ebss

._user_heap_stack
                0x24004ea0      0x600 load address 0x080103cc
                0x24004ea0                        . = ALIGN (0x8)
                [!provide]                        PROVIDE (end = .)
                0x24004ea0                        PROVIDE (_end = .)
                0x240050a0                        . = (. + _Min_Heap_Size)
 *fill*         0x24004ea0      0x200 
                0x240054a0                        . = (. + _Min_Stack_Size)
 *fill*         0x240050a0      0x400 
                0x240054a0                        . = ALIGN (0x8)

/DISCARD/
 libc.a(*)
 libm.a(*)
 libgcc.a(*)

.ARM.attributes
                0x00000000       0x2e
 *(.ARM.attributes)
 .ARM.attributes
                0x00000000       0x20 C:/ST/STM32CubeIDE_1.19.0/STM32CubeIDE/plugins/com.st.stm32cube.ide.mcu.externaltools.gnu-tools-for-stm32.13.3.rel1.win32_1.0.0.202411081344/tools/bin/../lib/gcc/arm-none-eabi/13.3.1/thumb/v7e-m+dp/hard/crti.o
 .ARM.attributes
                0x00000020       0x32 C:/ST/STM32CubeIDE_1.19.0/STM32CubeIDE/plugins/com.st.stm32cube.ide.mcu.externaltools.gnu-tools-for-stm32.13.3.rel1.win32_1.0.0.202411081344/tools/bin/../lib/gcc/arm-none-eabi/13.3.1/thumb/v7e-m+dp/hard/crtbegin.o
 .ARM.attributes
                0x00000052       0x32 ./Common/Src/system_stm32h7xx_dualcore_boot_cm4_cm7.o
 .ARM.attributes
                0x00000084       0x32 ./Core/Src/arm_cfft_f32.o
 .ARM.attributes
                0x000000b6       0x32 ./Core/Src/arm_cfft_radix8_f32.o
 .ARM.attributes
                0x000000e8       0x32 ./Core/Src/arm_fft_bin_data.o
 .ARM.attributes
                0x0000011a       0x32 ./Core/Src/main.o
 .ARM.attributes
                0x0000014c       0x32 ./Core/Src/stm32h7xx_hal_msp.o
 .ARM.attributes
                0x0000017e       0x32 ./Core/Src/stm32h7xx_it.o
 .ARM.attributes
                0x000001b0       0x21 ./Core/Startup/startup_stm32h757xihx.o
 .ARM.attributes
                0x000001d1       0x32 ./Drivers/STM32H7xx_HAL_Driver/stm32h7xx_hal.o
 .ARM.attributes
                0x00000203       0x32 ./Drivers/STM32H7xx_HAL_Driver/stm32h7xx_hal_cortex.o
 .ARM.attributes
                0x00000235       0x32 ./Drivers/STM32H7xx_HAL_Driver/stm32h7xx_hal_gpio.o
 .ARM.attributes
                0x00000267       0x32 ./Drivers/STM32H7xx_HAL_Driver/stm32h7xx_hal_hsem.o
 .ARM.attributes
                0x00000299       0x32 ./Drivers/STM32H7xx_HAL_Driver/stm32h7xx_hal_pcd.o
 .ARM.attributes
                0x000002cb       0x32 ./Drivers/STM32H7xx_HAL_Driver/stm32h7xx_hal_pcd_ex.o
 .ARM.attributes
                0x000002fd       0x32 ./Drivers/STM32H7xx_HAL_Driver/stm32h7xx_hal_pwr_ex.o
 .ARM.attributes
                0x0000032f       0x32 ./Drivers/STM32H7xx_HAL_Driver/stm32h7xx_hal_rcc.o
 .ARM.attributes
                0x00000361       0x32 ./Drivers/STM32H7xx_HAL_Driver/stm32h7xx_hal_rcc_ex.o
 .ARM.attributes
                0x00000393       0x32 ./Drivers/STM32H7xx_HAL_Driver/stm32h7xx_ll_usb.o
 .ARM.attributes
                0x000003c5       0x32 ./Middlewares/ST/STM32_USB_Device_Library/usbd_cdc.o
 .ARM.attributes
                0x000003f7       0x32 ./Middlewares/ST/STM32_USB_Device_Library/usbd_core.o
 .ARM.attributes
                0x00000429       0x32 ./Middlewares/ST/STM32_USB_Device_Library/usbd_ctlreq.o
 .ARM.attributes
                0x0000045b       0x32 ./Middlewares/ST/STM32_USB_Device_Library/usbd_ioreq.o
 .ARM.attributes
                0x0000048d       0x32 ./USB_DEVICE/App/usb_device.o
 .ARM.attributes
                0x000004bf       0x32 ./USB_DEVICE/App/usbd_cdc_if.o
 .ARM.attributes
                0x000004f1       0x32 ./USB_DEVICE/App/usbd_desc.o
 .ARM.attributes
                0x00000523       0x32 ./USB_DEVICE/Target/usbd_conf.o
 .ARM.attributes
                0x00000555       0x39 C:\Users\user\STM32Cube\Repository\STM32Cube_FW_H7_V1.12.0\Drivers\CMSIS\DSP\Lib\GCC\libarm_cortexM7lfsp_math.a(arm_const_structs.o)
 .ARM.attributes
                0x0000058e       0x39 C:\Users\user\STM32Cube\Repository\STM32Cube_FW_H7_V1.12.0\Drivers\CMSIS\DSP\Lib\GCC\libarm_cortexM7lfsp_math.a(arm_common_tables.o)
 .ARM.attributes
                0x000005c7       0x34 C:\Users\user\STM32Cube\Repository\STM32Cube_FW_H7_V1.12.0\Drivers\CMSIS\DSP\Lib\GCC\libarm_cortexM7lfsp_math.a(arm_max_f32.o)
 .ARM.attributes
                0x000005fb       0x34 C:\Users\user\STM32Cube\Repository\STM32Cube_FW_H7_V1.12.0\Drivers\CMSIS\DSP\Lib\GCC\libarm_cortexM7lfsp_math.a(arm_bitreversal2.o)
 .ARM.attributes
                0x0000062f       0x34 C:\Users\user\STM32Cube\Repository\STM32Cube_FW_H7_V1.12.0\Drivers\CMSIS\DSP\Lib\GCC\libarm_cortexM7lfsp_math.a(arm_cmplx_mag_f32.o)
 .ARM.attributes
                0x00000663       0x32 C:/ST/STM32CubeIDE_1.19.0/STM32CubeIDE/plugins/com.st.stm32cube.ide.mcu.externaltools.gnu-tools-for-stm32.13.3.rel1.win32_1.0.0.202411081344/tools/bin/../lib/gcc/arm-none-eabi/13.3.1/../../../../arm-none-eabi/lib/thumb/v7e-m+dp/hard\libc_nano.a(libc_a-findfp.o)
 .ARM.attributes
                0x00000695       0x32 C:/ST/STM32CubeIDE_1.19.0/STM32CubeIDE/plugins/com.st.stm32cube.ide.mcu.externaltools.gnu-tools-for-stm32.13.3.rel1.win32_1.0.0.202411081344/tools/bin/../lib/gcc/arm-none-eabi/13.3.1/../../../../arm-none-eabi/lib/thumb/v7e-m+dp/hard\libc_nano.a(libc_a-memset.o)
 .ARM.attributes
                0x000006c7       0x32 C:/ST/STM32CubeIDE_1.19.0/STM32CubeIDE/plugins/com.st.stm32cube.ide.mcu.externaltools.gnu-tools-for-stm32.13.3.rel1.win32_1.0.0.202411081344/tools/bin/../lib/gcc/arm-none-eabi/13.3.1/../../../../arm-none-eabi/lib/thumb/v7e-m+dp/hard\libc_nano.a(libc_a-impure.o)
 .ARM.attributes
                0x000006f9       0x32 C:/ST/STM32CubeIDE_1.19.0/STM32CubeIDE/plugins/com.st.stm32cube.ide.mcu.externaltools.gnu-tools-for-stm32.13.3.rel1.win32_1.0.0.202411081344/tools/bin/../lib/gcc/arm-none-eabi/13.3.1/../../../../arm-none-eabi/lib/thumb/v7e-m+dp/hard\libc_nano.a(libc_a-errno.o)
 .ARM.attributes
                0x0000072b       0x32 C:/ST/STM32CubeIDE_1.19.0/STM32CubeIDE/plugins/com.st.stm32cube.ide.mcu.externaltools.gnu-tools-for-stm32.13.3.rel1.win32_1.0.0.202411081344/tools/bin/../lib/gcc/arm-none-eabi/13.3.1/../../../../arm-none-eabi/lib/thumb/v7e-m+dp/hard\libc_nano.a(libc_a-init.o)
 .ARM.attributes
                0x0000075d       0x32 C:/ST/STM32CubeIDE_1.19.0/STM32CubeIDE/plugins/com.st.stm32cube.ide.mcu.externaltools.gnu-tools-for-stm32.13.3.rel1.win32_1.0.0.202411081344/tools/bin/../lib/gcc/arm-none-eabi/13.3.1/../../../../arm-none-eabi/lib/thumb/v7e-m+dp/hard\libm.a(libm_a-wf_sqrt.o)
 .ARM.attributes
                0x0000078f       0x32 C:/ST/STM32CubeIDE_1.19.0/STM32CubeIDE/plugins/com.st.stm32cube.ide.mcu.externaltools.gnu-tools-for-stm32.13.3.rel1.win32_1.0.0.202411081344/tools/bin/../lib/gcc/arm-none-eabi/13.3.1/../../../../arm-none-eabi/lib/thumb/v7e-m+dp/hard\libm.a(libm_a-ef_sqrt.o)
 .ARM.attributes
                0x000007c1       0x20 C:/ST/STM32CubeIDE_1.19.0/STM32CubeIDE/plugins/com.st.stm32cube.ide.mcu.externaltools.gnu-tools-for-stm32.13.3.rel1.win32_1.0.0.202411081344/tools/bin/../lib/gcc/arm-none-eabi/13.3.1/thumb/v7e-m+dp/hard/crtn.o
OUTPUT(stm32h757_usb_cdc_CM7.elf elf32-littlearm)
LOAD linker stubs
LOAD C:/ST/STM32CubeIDE_1.19.0/STM32CubeIDE/plugins/com.st.stm32cube.ide.mcu.externaltools.gnu-tools-for-stm32.13.3.rel1.win32_1.0.0.202411081344/tools/bin/../lib/gcc/arm-none-eabi/13.3.1/../../../../arm-none-eabi/lib/thumb/v7e-m+dp/hard\libc.a
LOAD C:/ST/STM32CubeIDE_1.19.0/STM32CubeIDE/plugins/com.st.stm32cube.ide.mcu.externaltools.gnu-tools-for-stm32.13.3.rel1.win32_1.0.0.202411081344/tools/bin/../lib/gcc/arm-none-eabi/13.3.1/../../../../arm-none-eabi/lib/thumb/v7e-m+dp/hard\libm.a
LOAD C:/ST/STM32CubeIDE_1.19.0/STM32CubeIDE/plugins/com.st.stm32cube.ide.mcu.externaltools.gnu-tools-for-stm32.13.3.rel1.win32_1.0.0.202411081344/tools/bin/../lib/gcc/arm-none-eabi/13.3.1/thumb/v7e-m+dp/hard\libgcc.a

.debug_info     0x00000000    0x1e24d
 .debug_info    0x00000000      0xe73 ./Common/Src/system_stm32h7xx_dualcore_boot_cm4_cm7.o
 .debug_info    0x00000e73      0x55a ./Core/Src/arm_cfft_f32.o
 .debug_info    0x000013cd      0x43f ./Core/Src/arm_cfft_radix8_f32.o
 .debug_info    0x0000180c       0xb5 ./Core/Src/arm_fft_bin_data.o
 .debug_info    0x000018c1     0x2ba4 ./Core/Src/main.o
 .debug_info    0x00004465     0x1d7b ./Core/Src/stm32h7xx_hal_msp.o
 .debug_info    0x000061e0      0x6b2 ./Core/Src/stm32h7xx_it.o
 .debug_info    0x00006892       0x30 ./Core/Startup/startup_stm32h757xihx.o
 .debug_info    0x000068c2     0x1780 ./Drivers/STM32H7xx_HAL_Driver/stm32h7xx_hal.o
 .debug_info    0x00008042     0x10db ./Drivers/STM32H7xx_HAL_Driver/stm32h7xx_hal_cortex.o
 .debug_info    0x0000911d      0xd06 ./Drivers/STM32H7xx_HAL_Driver/stm32h7xx_hal_gpio.o
 .debug_info    0x00009e23      0x3d3 ./Drivers/STM32H7xx_HAL_Driver/stm32h7xx_hal_hsem.o
 .debug_info    0x0000a1f6     0x1561 ./Drivers/STM32H7xx_HAL_Driver/stm32h7xx_hal_pcd.o
 .debug_info    0x0000b757      0x8b3 ./Drivers/STM32H7xx_HAL_Driver/stm32h7xx_hal_pcd_ex.o
 .debug_info    0x0000c00a     0x1225 ./Drivers/STM32H7xx_HAL_Driver/stm32h7xx_hal_pwr_ex.o
 .debug_info    0x0000d22f      0xe67 ./Drivers/STM32H7xx_HAL_Driver/stm32h7xx_hal_rcc.o
 .debug_info    0x0000e096     0x130f ./Drivers/STM32H7xx_HAL_Driver/stm32h7xx_hal_rcc_ex.o
 .debug_info    0x0000f3a5     0x1a1e ./Drivers/STM32H7xx_HAL_Driver/stm32h7xx_ll_usb.o
 .debug_info    0x00010dc3     0x133d ./Middlewares/ST/STM32_USB_Device_Library/usbd_cdc.o
 .debug_info    0x00012100      0xe20 ./Middlewares/ST/STM32_USB_Device_Library/usbd_core.o
 .debug_info    0x00012f20      0xaf9 ./Middlewares/ST/STM32_USB_Device_Library/usbd_ctlreq.o
 .debug_info    0x00013a19      0x770 ./Middlewares/ST/STM32_USB_Device_Library/usbd_ioreq.o
 .debug_info    0x00014189      0x725 ./USB_DEVICE/App/usb_device.o
 .debug_info    0x000148ae      0x915 ./USB_DEVICE/App/usbd_cdc_if.o
 .debug_info    0x000151c3      0x48f ./USB_DEVICE/App/usbd_desc.o
 .debug_info    0x00015652     0x25bf ./USB_DEVICE/Target/usbd_conf.o
 .debug_info    0x00017c11     0x1d16 C:\Users\user\STM32Cube\Repository\STM32Cube_FW_H7_V1.12.0\Drivers\CMSIS\DSP\Lib\GCC\libarm_cortexM7lfsp_math.a(arm_const_structs.o)
 .debug_info    0x00019927     0x1a84 C:\Users\user\STM32Cube\Repository\STM32Cube_FW_H7_V1.12.0\Drivers\CMSIS\DSP\Lib\GCC\libarm_cortexM7lfsp_math.a(arm_common_tables.o)
 .debug_info    0x0001b3ab      0xb3c C:\Users\user\STM32Cube\Repository\STM32Cube_FW_H7_V1.12.0\Drivers\CMSIS\DSP\Lib\GCC\libarm_cortexM7lfsp_math.a(arm_max_f32.o)
 .debug_info    0x0001bee7     0x16ac C:\Users\user\STM32Cube\Repository\STM32Cube_FW_H7_V1.12.0\Drivers\CMSIS\DSP\Lib\GCC\libarm_cortexM7lfsp_math.a(arm_bitreversal2.o)
 .debug_info    0x0001d593      0xcba C:\Users\user\STM32Cube\Repository\STM32Cube_FW_H7_V1.12.0\Drivers\CMSIS\DSP\Lib\GCC\libarm_cortexM7lfsp_math.a(arm_cmplx_mag_f32.o)

.debug_abbrev   0x00000000     0x427f
 .debug_abbrev  0x00000000      0x165 ./Common/Src/system_stm32h7xx_dualcore_boot_cm4_cm7.o
 .debug_abbrev  0x00000165      0x164 ./Core/Src/arm_cfft_f32.o
 .debug_abbrev  0x000002c9       0x98 ./Core/Src/arm_cfft_radix8_f32.o
 .debug_abbrev  0x00000361       0x5c ./Core/Src/arm_fft_bin_data.o
 .debug_abbrev  0x000003bd      0x34f ./Core/Src/main.o
 .debug_abbrev  0x0000070c      0x2a8 ./Core/Src/stm32h7xx_hal_msp.o
 .debug_abbrev  0x000009b4      0x1a4 ./Core/Src/stm32h7xx_it.o
 .debug_abbrev  0x00000b58       0x24 ./Core/Startup/startup_stm32h757xihx.o
 .debug_abbrev  0x00000b7c      0x295 ./Drivers/STM32H7xx_HAL_Driver/stm32h7xx_hal.o
 .debug_abbrev  0x00000e11      0x339 ./Drivers/STM32H7xx_HAL_Driver/stm32h7xx_hal_cortex.o
 .debug_abbrev  0x0000114a      0x205 ./Drivers/STM32H7xx_HAL_Driver/stm32h7xx_hal_gpio.o
 .debug_abbrev  0x0000134f      0x1d3 ./Drivers/STM32H7xx_HAL_Driver/stm32h7xx_hal_hsem.o
 .debug_abbrev  0x00001522      0x2dc ./Drivers/STM32H7xx_HAL_Driver/stm32h7xx_hal_pcd.o
 .debug_abbrev  0x000017fe      0x256 ./Drivers/STM32H7xx_HAL_Driver/stm32h7xx_hal_pcd_ex.o
 .debug_abbrev  0x00001a54      0x2d7 ./Drivers/STM32H7xx_HAL_Driver/stm32h7xx_hal_pwr_ex.o
 .debug_abbrev  0x00001d2b      0x2c8 ./Drivers/STM32H7xx_HAL_Driver/stm32h7xx_hal_rcc.o
 .debug_abbrev  0x00001ff3      0x269 ./Drivers/STM32H7xx_HAL_Driver/stm32h7xx_hal_rcc_ex.o
 .debug_abbrev  0x0000225c      0x2b3 ./Drivers/STM32H7xx_HAL_Driver/stm32h7xx_ll_usb.o
 .debug_abbrev  0x0000250f      0x2d2 ./Middlewares/ST/STM32_USB_Device_Library/usbd_cdc.o
 .debug_abbrev  0x000027e1      0x27c ./Middlewares/ST/STM32_USB_Device_Library/usbd_core.o
 .debug_abbrev  0x00002a5d      0x26f ./Middlewares/ST/STM32_USB_Device_Library/usbd_ctlreq.o
 .debug_abbrev  0x00002ccc      0x19a ./Middlewares/ST/STM32_USB_Device_Library/usbd_ioreq.o
 .debug_abbrev  0x00002e66      0x1a8 ./USB_DEVICE/App/usb_device.o
 .debug_abbrev  0x0000300e      0x29d ./USB_DEVICE/App/usbd_cdc_if.o
 .debug_abbrev  0x000032ab      0x1f3 ./USB_DEVICE/App/usbd_desc.o
 .debug_abbrev  0x0000349e      0x34f ./USB_DEVICE/Target/usbd_conf.o
 .debug_abbrev  0x000037ed      0x201 C:\Users\user\STM32Cube\Repository\STM32Cube_FW_H7_V1.12.0\Drivers\CMSIS\DSP\Lib\GCC\libarm_cortexM7lfsp_math.a(arm_const_structs.o)
 .debug_abbrev  0x000039ee      0x1dd C:\Users\user\STM32Cube\Repository\STM32Cube_FW_H7_V1.12.0\Drivers\CMSIS\DSP\Lib\GCC\libarm_cortexM7lfsp_math.a(arm_common_tables.o)
 .debug_abbrev  0x00003bcb      0x212 C:\Users\user\STM32Cube\Repository\STM32Cube_FW_H7_V1.12.0\Drivers\CMSIS\DSP\Lib\GCC\libarm_cortexM7lfsp_math.a(arm_max_f32.o)
 .debug_abbrev  0x00003ddd      0x21a C:\Users\user\STM32Cube\Repository\STM32Cube_FW_H7_V1.12.0\Drivers\CMSIS\DSP\Lib\GCC\libarm_cortexM7lfsp_math.a(arm_bitreversal2.o)
 .debug_abbrev  0x00003ff7      0x288 C:\Users\user\STM32Cube\Repository\STM32Cube_FW_H7_V1.12.0\Drivers\CMSIS\DSP\Lib\GCC\libarm_cortexM7lfsp_math.a(arm_cmplx_mag_f32.o)

.debug_aranges  0x00000000     0x10c8
 .debug_aranges
                0x00000000       0x30 ./Common/Src/system_stm32h7xx_dualcore_boot_cm4_cm7.o
 .debug_aranges
                0x00000030       0x30 ./Core/Src/arm_cfft_f32.o
 .debug_aranges
                0x00000060       0x20 ./Core/Src/arm_cfft_radix8_f32.o
 .debug_aranges
                0x00000080       0x18 ./Core/Src/arm_fft_bin_data.o
 .debug_aranges
                0x00000098       0x58 ./Core/Src/main.o
 .debug_aranges
                0x000000f0       0x60 ./Core/Src/stm32h7xx_hal_msp.o
 .debug_aranges
                0x00000150       0x68 ./Core/Src/stm32h7xx_it.o
 .debug_aranges
                0x000001b8       0x28 ./Core/Startup/startup_stm32h757xihx.o
 .debug_aranges
                0x000001e0      0x200 ./Drivers/STM32H7xx_HAL_Driver/stm32h7xx_hal.o
 .debug_aranges
                0x000003e0      0x130 ./Drivers/STM32H7xx_HAL_Driver/stm32h7xx_hal_cortex.o
 .debug_aranges
                0x00000510       0x58 ./Drivers/STM32H7xx_HAL_Driver/stm32h7xx_hal_gpio.o
 .debug_aranges
                0x00000568       0x70 ./Drivers/STM32H7xx_HAL_Driver/stm32h7xx_hal_hsem.o
 .debug_aranges
                0x000005d8      0x140 ./Drivers/STM32H7xx_HAL_Driver/stm32h7xx_hal_pcd.o
 .debug_aranges
                0x00000718       0x60 ./Drivers/STM32H7xx_HAL_Driver/stm32h7xx_hal_pcd_ex.o
 .debug_aranges
                0x00000778      0x170 ./Drivers/STM32H7xx_HAL_Driver/stm32h7xx_hal_pwr_ex.o
 .debug_aranges
                0x000008e8       0x88 ./Drivers/STM32H7xx_HAL_Driver/stm32h7xx_hal_rcc.o
 .debug_aranges
                0x00000970      0x100 ./Drivers/STM32H7xx_HAL_Driver/stm32h7xx_hal_rcc_ex.o
 .debug_aranges
                0x00000a70      0x1a0 ./Drivers/STM32H7xx_HAL_Driver/stm32h7xx_ll_usb.o
 .debug_aranges
                0x00000c10       0x90 ./Middlewares/ST/STM32_USB_Device_Library/usbd_cdc.o
 .debug_aranges
                0x00000ca0       0xd8 ./Middlewares/ST/STM32_USB_Device_Library/usbd_core.o
 .debug_aranges
                0x00000d78       0x90 ./Middlewares/ST/STM32_USB_Device_Library/usbd_ctlreq.o
 .debug_aranges
                0x00000e08       0x50 ./Middlewares/ST/STM32_USB_Device_Library/usbd_ioreq.o
 .debug_aranges
                0x00000e58       0x20 ./USB_DEVICE/App/usb_device.o
 .debug_aranges
                0x00000e78       0x48 ./USB_DEVICE/App/usbd_cdc_if.o
 .debug_aranges
                0x00000ec0       0x60 ./USB_DEVICE/App/usbd_desc.o
 .debug_aranges
                0x00000f20      0x110 ./USB_DEVICE/Target/usbd_conf.o
 .debug_aranges
                0x00001030       0x18 C:\Users\user\STM32Cube\Repository\STM32Cube_FW_H7_V1.12.0\Drivers\CMSIS\DSP\Lib\GCC\libarm_cortexM7lfsp_math.a(arm_const_structs.o)
 .debug_aranges
                0x00001048       0x18 C:\Users\user\STM32Cube\Repository\STM32Cube_FW_H7_V1.12.0\Drivers\CMSIS\DSP\Lib\GCC\libarm_cortexM7lfsp_math.a(arm_common_tables.o)
 .debug_aranges
                0x00001060       0x20 C:\Users\user\STM32Cube\Repository\STM32Cube_FW_H7_V1.12.0\Drivers\CMSIS\DSP\Lib\GCC\libarm_cortexM7lfsp_math.a(arm_max_f32.o)
 .debug_aranges
                0x00001080       0x28 C:\Users\user\STM32Cube\Repository\STM32Cube_FW_H7_V1.12.0\Drivers\CMSIS\DSP\Lib\GCC\libarm_cortexM7lfsp_math.a(arm_bitreversal2.o)
 .debug_aranges
                0x000010a8       0x20 C:\Users\user\STM32Cube\Repository\STM32Cube_FW_H7_V1.12.0\Drivers\CMSIS\DSP\Lib\GCC\libarm_cortexM7lfsp_math.a(arm_cmplx_mag_f32.o)

.debug_rnglists
                0x00000000      0xbf9
 .debug_rnglists
                0x00000000       0x21 ./Common/Src/system_stm32h7xx_dualcore_boot_cm4_cm7.o
 .debug_rnglists
                0x00000021       0x22 ./Core/Src/arm_cfft_f32.o
 .debug_rnglists
                0x00000043       0x14 ./Core/Src/arm_cfft_radix8_f32.o
 .debug_rnglists
                0x00000057       0x43 ./Core/Src/main.o
 .debug_rnglists
                0x0000009a       0x47 ./Core/Src/stm32h7xx_hal_msp.o
 .debug_rnglists
                0x000000e1       0x49 ./Core/Src/stm32h7xx_it.o
 .debug_rnglists
                0x0000012a       0x19 ./Core/Startup/startup_stm32h757xihx.o
 .debug_rnglists
                0x00000143      0x180 ./Drivers/STM32H7xx_HAL_Driver/stm32h7xx_hal.o
 .debug_rnglists
                0x000002c3       0xe0 ./Drivers/STM32H7xx_HAL_Driver/stm32h7xx_hal_cortex.o
 .debug_rnglists
                0x000003a3       0x3f ./Drivers/STM32H7xx_HAL_Driver/stm32h7xx_hal_gpio.o
 .debug_rnglists
                0x000003e2       0x4f ./Drivers/STM32H7xx_HAL_Driver/stm32h7xx_hal_hsem.o
 .debug_rnglists
                0x00000431       0xf4 ./Drivers/STM32H7xx_HAL_Driver/stm32h7xx_hal_pcd.o
 .debug_rnglists
                0x00000525       0x45 ./Drivers/STM32H7xx_HAL_Driver/stm32h7xx_hal_pcd_ex.o
 .debug_rnglists
                0x0000056a      0x117 ./Drivers/STM32H7xx_HAL_Driver/stm32h7xx_hal_pwr_ex.o
 .debug_rnglists
                0x00000681       0x68 ./Drivers/STM32H7xx_HAL_Driver/stm32h7xx_hal_rcc.o
 .debug_rnglists
                0x000006e9       0xc6 ./Drivers/STM32H7xx_HAL_Driver/stm32h7xx_hal_rcc_ex.o
 .debug_rnglists
                0x000007af      0x147 ./Drivers/STM32H7xx_HAL_Driver/stm32h7xx_ll_usb.o
 .debug_rnglists
                0x000008f6       0x6c ./Middlewares/ST/STM32_USB_Device_Library/usbd_cdc.o
 .debug_rnglists
                0x00000962       0xa1 ./Middlewares/ST/STM32_USB_Device_Library/usbd_core.o
 .debug_rnglists
                0x00000a03       0x6e ./Middlewares/ST/STM32_USB_Device_Library/usbd_ctlreq.o
 .debug_rnglists
                0x00000a71       0x37 ./Middlewares/ST/STM32_USB_Device_Library/usbd_ioreq.o
 .debug_rnglists
                0x00000aa8       0x13 ./USB_DEVICE/App/usb_device.o
 .debug_rnglists
                0x00000abb       0x32 ./USB_DEVICE/App/usbd_cdc_if.o
 .debug_rnglists
                0x00000aed       0x43 ./USB_DEVICE/App/usbd_desc.o
 .debug_rnglists
                0x00000b30       0xc9 ./USB_DEVICE/Target/usbd_conf.o

.debug_macro    0x00000000    0x4345b
 .debug_macro   0x00000000      0x2ef ./Common/Src/system_stm32h7xx_dualcore_boot_cm4_cm7.o
 .debug_macro   0x000002ef      0xafc ./Common/Src/system_stm32h7xx_dualcore_boot_cm4_cm7.o
 .debug_macro   0x00000deb       0x2e ./Common/Src/system_stm32h7xx_dualcore_boot_cm4_cm7.o
 .debug_macro   0x00000e19       0x49 ./Common/Src/system_stm32h7xx_dualcore_boot_cm4_cm7.o
 .debug_macro   0x00000e62       0x22 ./Common/Src/system_stm32h7xx_dualcore_boot_cm4_cm7.o
 .debug_macro   0x00000e84       0x8e ./Common/Src/system_stm32h7xx_dualcore_boot_cm4_cm7.o
 .debug_macro   0x00000f12       0x51 ./Common/Src/system_stm32h7xx_dualcore_boot_cm4_cm7.o
 .debug_macro   0x00000f63      0x103 ./Common/Src/system_stm32h7xx_dualcore_boot_cm4_cm7.o
 .debug_macro   0x00001066       0x6a ./Common/Src/system_stm32h7xx_dualcore_boot_cm4_cm7.o
 .debug_macro   0x000010d0      0x1df ./Common/Src/system_stm32h7xx_dualcore_boot_cm4_cm7.o
 .debug_macro   0x000012af       0x1c ./Common/Src/system_stm32h7xx_dualcore_boot_cm4_cm7.o
 .debug_macro   0x000012cb       0x22 ./Common/Src/system_stm32h7xx_dualcore_boot_cm4_cm7.o
 .debug_macro   0x000012ed       0xfb ./Common/Src/system_stm32h7xx_dualcore_boot_cm4_cm7.o
 .debug_macro   0x000013e8     0x1305 ./Common/Src/system_stm32h7xx_dualcore_boot_cm4_cm7.o
 .debug_macro   0x000026ed      0x11f ./Common/Src/system_stm32h7xx_dualcore_boot_cm4_cm7.o
 .debug_macro   0x0000280c       0x27 ./Common/Src/system_stm32h7xx_dualcore_boot_cm4_cm7.o
 .debug_macro   0x00002833    0x2d076 ./Common/Src/system_stm32h7xx_dualcore_boot_cm4_cm7.o
 .debug_macro   0x0002f8a9       0x6d ./Common/Src/system_stm32h7xx_dualcore_boot_cm4_cm7.o
 .debug_macro   0x0002f916      0x24a ./Common/Src/system_stm32h7xx_dualcore_boot_cm4_cm7.o
 .debug_macro   0x0002fb60     0x3d79 ./Common/Src/system_stm32h7xx_dualcore_boot_cm4_cm7.o
 .debug_macro   0x000338d9      0x190 ./Common/Src/system_stm32h7xx_dualcore_boot_cm4_cm7.o
 .debug_macro   0x00033a69       0x61 ./Common/Src/system_stm32h7xx_dualcore_boot_cm4_cm7.o
 .debug_macro   0x00033aca       0x29 ./Common/Src/system_stm32h7xx_dualcore_boot_cm4_cm7.o
 .debug_macro   0x00033af3       0x43 ./Common/Src/system_stm32h7xx_dualcore_boot_cm4_cm7.o
 .debug_macro   0x00033b36       0x34 ./Common/Src/system_stm32h7xx_dualcore_boot_cm4_cm7.o
 .debug_macro   0x00033b6a      0x370 ./Common/Src/system_stm32h7xx_dualcore_boot_cm4_cm7.o
 .debug_macro   0x00033eda       0x16 ./Common/Src/system_stm32h7xx_dualcore_boot_cm4_cm7.o
 .debug_macro   0x00033ef0       0x4a ./Common/Src/system_stm32h7xx_dualcore_boot_cm4_cm7.o
 .debug_macro   0x00033f3a       0x34 ./Common/Src/system_stm32h7xx_dualcore_boot_cm4_cm7.o
 .debug_macro   0x00033f6e       0x10 ./Common/Src/system_stm32h7xx_dualcore_boot_cm4_cm7.o
 .debug_macro   0x00033f7e       0x58 ./Common/Src/system_stm32h7xx_dualcore_boot_cm4_cm7.o
 .debug_macro   0x00033fd6       0x8e ./Common/Src/system_stm32h7xx_dualcore_boot_cm4_cm7.o
 .debug_macro   0x00034064       0x1c ./Common/Src/system_stm32h7xx_dualcore_boot_cm4_cm7.o
 .debug_macro   0x00034080      0x185 ./Common/Src/system_stm32h7xx_dualcore_boot_cm4_cm7.o
 .debug_macro   0x00034205      0x19b ./Common/Src/system_stm32h7xx_dualcore_boot_cm4_cm7.o
 .debug_macro   0x000343a0       0x5d ./Common/Src/system_stm32h7xx_dualcore_boot_cm4_cm7.o
 .debug_macro   0x000343fd     0x3bdf ./Common/Src/system_stm32h7xx_dualcore_boot_cm4_cm7.o
 .debug_macro   0x00037fdc     0x1095 ./Common/Src/system_stm32h7xx_dualcore_boot_cm4_cm7.o
 .debug_macro   0x00039071      0x154 ./Common/Src/system_stm32h7xx_dualcore_boot_cm4_cm7.o
 .debug_macro   0x000391c5      0x130 ./Common/Src/system_stm32h7xx_dualcore_boot_cm4_cm7.o
 .debug_macro   0x000392f5      0x3c9 ./Common/Src/system_stm32h7xx_dualcore_boot_cm4_cm7.o
 .debug_macro   0x000396be       0xac ./Common/Src/system_stm32h7xx_dualcore_boot_cm4_cm7.o
 .debug_macro   0x0003976a      0x72d ./Common/Src/system_stm32h7xx_dualcore_boot_cm4_cm7.o
 .debug_macro   0x00039e97      0x228 ./Common/Src/system_stm32h7xx_dualcore_boot_cm4_cm7.o
 .debug_macro   0x0003a0bf       0x66 ./Common/Src/system_stm32h7xx_dualcore_boot_cm4_cm7.o
 .debug_macro   0x0003a125      0x3c9 ./Common/Src/system_stm32h7xx_dualcore_boot_cm4_cm7.o
 .debug_macro   0x0003a4ee      0x6fc ./Common/Src/system_stm32h7xx_dualcore_boot_cm4_cm7.o
 .debug_macro   0x0003abea      0x2c6 ./Common/Src/system_stm32h7xx_dualcore_boot_cm4_cm7.o
 .debug_macro   0x0003aeb0      0x407 ./Common/Src/system_stm32h7xx_dualcore_boot_cm4_cm7.o
 .debug_macro   0x0003b2b7      0x27c ./Common/Src/system_stm32h7xx_dualcore_boot_cm4_cm7.o
 .debug_macro   0x0003b533      0x3ca ./Common/Src/system_stm32h7xx_dualcore_boot_cm4_cm7.o
 .debug_macro   0x0003b8fd      0x4a2 ./Common/Src/system_stm32h7xx_dualcore_boot_cm4_cm7.o
 .debug_macro   0x0003bd9f       0x51 ./Common/Src/system_stm32h7xx_dualcore_boot_cm4_cm7.o
 .debug_macro   0x0003bdf0       0x4a ./Common/Src/system_stm32h7xx_dualcore_boot_cm4_cm7.o
 .debug_macro   0x0003be3a      0x22c ./Common/Src/system_stm32h7xx_dualcore_boot_cm4_cm7.o
 .debug_macro   0x0003c066       0x67 ./Common/Src/system_stm32h7xx_dualcore_boot_cm4_cm7.o
 .debug_macro   0x0003c0cd       0xa5 ./Common/Src/system_stm32h7xx_dualcore_boot_cm4_cm7.o
 .debug_macro   0x0003c172      0x198 ./Common/Src/system_stm32h7xx_dualcore_boot_cm4_cm7.o
 .debug_macro   0x0003c30a       0xd6 ./Common/Src/system_stm32h7xx_dualcore_boot_cm4_cm7.o
 .debug_macro   0x0003c3e0      0x218 ./Common/Src/system_stm32h7xx_dualcore_boot_cm4_cm7.o
 .debug_macro   0x0003c5f8      0x2ea ./Common/Src/system_stm32h7xx_dualcore_boot_cm4_cm7.o
 .debug_macro   0x0003c8e2       0x35 ./Common/Src/system_stm32h7xx_dualcore_boot_cm4_cm7.o
 .debug_macro   0x0003c917      0x3bb ./Common/Src/system_stm32h7xx_dualcore_boot_cm4_cm7.o
 .debug_macro   0x0003ccd2       0x10 ./Common/Src/system_stm32h7xx_dualcore_boot_cm4_cm7.o
 .debug_macro   0x0003cce2       0xe4 ./Common/Src/system_stm32h7xx_dualcore_boot_cm4_cm7.o
 .debug_macro   0x0003cdc6      0x293 ./Common/Src/system_stm32h7xx_dualcore_boot_cm4_cm7.o
 .debug_macro   0x0003d059       0x90 ./Common/Src/system_stm32h7xx_dualcore_boot_cm4_cm7.o
 .debug_macro   0x0003d0e9      0x7a4 ./Common/Src/system_stm32h7xx_dualcore_boot_cm4_cm7.o
 .debug_macro   0x0003d88d      0x18c ./Core/Src/arm_cfft_f32.o
 .debug_macro   0x0003da19       0x10 ./Core/Src/arm_cfft_f32.o
 .debug_macro   0x0003da29       0x3c ./Core/Src/arm_cfft_f32.o
 .debug_macro   0x0003da65       0x20 ./Core/Src/arm_cfft_f32.o
 .debug_macro   0x0003da85      0x201 ./Core/Src/arm_cfft_f32.o
 .debug_macro   0x0003dc86       0xc8 ./Core/Src/arm_cfft_f32.o
 .debug_macro   0x0003dd4e       0x88 ./Core/Src/arm_cfft_f32.o
 .debug_macro   0x0003ddd6      0x179 ./Core/Src/arm_cfft_radix8_f32.o
 .debug_macro   0x0003df4f      0x179 ./Core/Src/arm_fft_bin_data.o
 .debug_macro   0x0003e0c8      0x441 ./Core/Src/main.o
 .debug_macro   0x0003e509       0xb8 ./Core/Src/main.o
 .debug_macro   0x0003e5c1       0x1c ./Core/Src/main.o
 .debug_macro   0x0003e5dd       0x10 ./Core/Src/main.o
 .debug_macro   0x0003e5ed       0x1c ./Core/Src/main.o
 .debug_macro   0x0003e609       0x16 ./Core/Src/main.o
 .debug_macro   0x0003e61f      0x146 ./Core/Src/main.o
 .debug_macro   0x0003e765       0x16 ./Core/Src/main.o
 .debug_macro   0x0003e77b       0x16 ./Core/Src/main.o
 .debug_macro   0x0003e791       0x29 ./Core/Src/main.o
 .debug_macro   0x0003e7ba       0x16 ./Core/Src/main.o
 .debug_macro   0x0003e7d0       0x65 ./Core/Src/main.o
 .debug_macro   0x0003e835      0x20f ./Core/Src/main.o
 .debug_macro   0x0003ea44       0x95 ./Core/Src/main.o
 .debug_macro   0x0003ead9       0x8e ./Core/Src/main.o
 .debug_macro   0x0003eb67      0x2fe ./Core/Src/stm32h7xx_hal_msp.o
 .debug_macro   0x0003ee65      0x308 ./Core/Src/stm32h7xx_it.o
 .debug_macro   0x0003f16d      0x319 ./Drivers/STM32H7xx_HAL_Driver/stm32h7xx_hal.o
 .debug_macro   0x0003f486      0x2ef ./Drivers/STM32H7xx_HAL_Driver/stm32h7xx_hal_cortex.o
 .debug_macro   0x0003f775      0x303 ./Drivers/STM32H7xx_HAL_Driver/stm32h7xx_hal_gpio.o
 .debug_macro   0x0003fa78      0x301 ./Drivers/STM32H7xx_HAL_Driver/stm32h7xx_hal_hsem.o
 .debug_macro   0x0003fd79      0x2fb ./Drivers/STM32H7xx_HAL_Driver/stm32h7xx_hal_pcd.o
 .debug_macro   0x00040074      0x2ef ./Drivers/STM32H7xx_HAL_Driver/stm32h7xx_hal_pcd_ex.o
 .debug_macro   0x00040363      0x328 ./Drivers/STM32H7xx_HAL_Driver/stm32h7xx_hal_pwr_ex.o
 .debug_macro   0x0004068b      0x313 ./Drivers/STM32H7xx_HAL_Driver/stm32h7xx_hal_rcc.o
 .debug_macro   0x0004099e      0x30d ./Drivers/STM32H7xx_HAL_Driver/stm32h7xx_hal_rcc_ex.o
 .debug_macro   0x00040cab      0x2ef ./Drivers/STM32H7xx_HAL_Driver/stm32h7xx_ll_usb.o
 .debug_macro   0x00040f9a      0x3f5 ./Middlewares/ST/STM32_USB_Device_Library/usbd_cdc.o
 .debug_macro   0x0004138f       0x16 ./Middlewares/ST/STM32_USB_Device_Library/usbd_cdc.o
 .debug_macro   0x000413a5       0x9e ./Middlewares/ST/STM32_USB_Device_Library/usbd_cdc.o
 .debug_macro   0x00041443      0x112 ./Middlewares/ST/STM32_USB_Device_Library/usbd_cdc.o
 .debug_macro   0x00041555       0x16 ./Middlewares/ST/STM32_USB_Device_Library/usbd_cdc.o
 .debug_macro   0x0004156b      0x3dc ./Middlewares/ST/STM32_USB_Device_Library/usbd_core.o
 .debug_macro   0x00041947      0x215 ./Middlewares/ST/STM32_USB_Device_Library/usbd_core.o
 .debug_macro   0x00041b5c      0x3e6 ./Middlewares/ST/STM32_USB_Device_Library/usbd_ctlreq.o
 .debug_macro   0x00041f42      0x3e2 ./Middlewares/ST/STM32_USB_Device_Library/usbd_ioreq.o
 .debug_macro   0x00042324      0x409 ./USB_DEVICE/App/usb_device.o
 .debug_macro   0x0004272d       0xbe ./USB_DEVICE/App/usb_device.o
 .debug_macro   0x000427eb       0x22 ./USB_DEVICE/App/usb_device.o
 .debug_macro   0x0004280d       0x16 ./USB_DEVICE/App/usb_device.o
 .debug_macro   0x00042823      0x400 ./USB_DEVICE/App/usbd_cdc_if.o
 .debug_macro   0x00042c23       0x10 ./USB_DEVICE/App/usbd_cdc_if.o
 .debug_macro   0x00042c33      0x41f ./USB_DEVICE/App/usbd_desc.o
 .debug_macro   0x00043052       0x1c ./USB_DEVICE/App/usbd_desc.o
 .debug_macro   0x0004306e      0x3ed ./USB_DEVICE/Target/usbd_conf.o

.debug_line     0x00000000    0x18fe6
 .debug_line    0x00000000      0xba8 ./Common/Src/system_stm32h7xx_dualcore_boot_cm4_cm7.o
 .debug_line    0x00000ba8      0xd78 ./Core/Src/arm_cfft_f32.o
 .debug_line    0x00001920      0x970 ./Core/Src/arm_cfft_radix8_f32.o
 .debug_line    0x00002290      0x5d9 ./Core/Src/arm_fft_bin_data.o
 .debug_line    0x00002869      0xf7f ./Core/Src/main.o
 .debug_line    0x000037e8      0xb46 ./Core/Src/stm32h7xx_hal_msp.o
 .debug_line    0x0000432e      0xa24 ./Core/Src/stm32h7xx_it.o
 .debug_line    0x00004d52       0x7b ./Core/Startup/startup_stm32h757xihx.o
 .debug_line    0x00004dcd     0x10bc ./Drivers/STM32H7xx_HAL_Driver/stm32h7xx_hal.o
 .debug_line    0x00005e89      0xf53 ./Drivers/STM32H7xx_HAL_Driver/stm32h7xx_hal_cortex.o
 .debug_line    0x00006ddc      0xde6 ./Drivers/STM32H7xx_HAL_Driver/stm32h7xx_hal_gpio.o
 .debug_line    0x00007bc2      0xafb ./Drivers/STM32H7xx_HAL_Driver/stm32h7xx_hal_hsem.o
 .debug_line    0x000086bd     0x16c5 ./Drivers/STM32H7xx_HAL_Driver/stm32h7xx_hal_pcd.o